---------------------------------
 oneDSolver 
 1D Finite Element Hemodynamics  
---------------------------------

Reading file: /Users/rakshakonanur/Documents/Research/Organoid-Project/coupled-multi-organoid-model/simvascular/u_bend/ROMSimulations/rom/solver_1d.in ... 

Printing Model Echo ... 

Creating and Running Model ...
Creating Nodes ... 
Creating Joints ... 
Creating Materials ... 
Creating Data Tables ... 
Creating Segments ... 
Solving Model ... 
Inlet Condition Type: FLOW

~~~~~~~~~~~~~~~~~~~~~~~~~~~~~~~~~
Number of Joints: 999
Number of Segments: 1000
~~~~~~~~~~~~~~~~~~~~~~~~~~~~~~~~~

this that set ehr =10000000.000000 p1_=0.000000 
this that set ehr =10000000.000000 p1_=0.000000 
this that set ehr =10000000.000000 p1_=0.000000 
this that set ehr =10000000.000000 p1_=0.000000 
this that set ehr =10000000.000000 p1_=0.000000 
this that set ehr =10000000.000000 p1_=0.000000 
this that set ehr =10000000.000000 p1_=0.000000 
this that set ehr =10000000.000000 p1_=0.000000 
this that set ehr =10000000.000000 p1_=0.000000 
this that set ehr =10000000.000000 p1_=0.000000 
this that set ehr =10000000.000000 p1_=0.000000 
this that set ehr =10000000.000000 p1_=0.000000 
this that set ehr =10000000.000000 p1_=0.000000 
this that set ehr =10000000.000000 p1_=0.000000 
this that set ehr =10000000.000000 p1_=0.000000 
this that set ehr =10000000.000000 p1_=0.000000 
this that set ehr =10000000.000000 p1_=0.000000 
this that set ehr =10000000.000000 p1_=0.000000 
this that set ehr =10000000.000000 p1_=0.000000 
this that set ehr =10000000.000000 p1_=0.000000 
this that set ehr =10000000.000000 p1_=0.000000 
this that set ehr =10000000.000000 p1_=0.000000 
this that set ehr =10000000.000000 p1_=0.000000 
this that set ehr =10000000.000000 p1_=0.000000 
this that set ehr =10000000.000000 p1_=0.000000 
this that set ehr =10000000.000000 p1_=0.000000 
this that set ehr =10000000.000000 p1_=0.000000 
this that set ehr =10000000.000000 p1_=0.000000 
this that set ehr =10000000.000000 p1_=0.000000 
this that set ehr =10000000.000000 p1_=0.000000 
this that set ehr =10000000.000000 p1_=0.000000 
this that set ehr =10000000.000000 p1_=0.000000 
this that set ehr =10000000.000000 p1_=0.000000 
this that set ehr =10000000.000000 p1_=0.000000 
this that set ehr =10000000.000000 p1_=0.000000 
this that set ehr =10000000.000000 p1_=0.000000 
this that set ehr =10000000.000000 p1_=0.000000 
this that set ehr =10000000.000000 p1_=0.000000 
this that set ehr =10000000.000000 p1_=0.000000 
this that set ehr =10000000.000000 p1_=0.000000 
this that set ehr =10000000.000000 p1_=0.000000 
this that set ehr =10000000.000000 p1_=0.000000 
this that set ehr =10000000.000000 p1_=0.000000 
this that set ehr =10000000.000000 p1_=0.000000 
this that set ehr =10000000.000000 p1_=0.000000 
this that set ehr =10000000.000000 p1_=0.000000 
this that set ehr =10000000.000000 p1_=0.000000 
this that set ehr =10000000.000000 p1_=0.000000 
this that set ehr =10000000.000000 p1_=0.000000 
this that set ehr =10000000.000000 p1_=0.000000 
this that set ehr =10000000.000000 p1_=0.000000 
this that set ehr =10000000.000000 p1_=0.000000 
this that set ehr =10000000.000000 p1_=0.000000 
this that set ehr =10000000.000000 p1_=0.000000 
this that set ehr =10000000.000000 p1_=0.000000 
this that set ehr =10000000.000000 p1_=0.000000 
this that set ehr =10000000.000000 p1_=0.000000 
this that set ehr =10000000.000000 p1_=0.000000 
this that set ehr =10000000.000000 p1_=0.000000 
this that set ehr =10000000.000000 p1_=0.000000 
this that set ehr =10000000.000000 p1_=0.000000 
this that set ehr =10000000.000000 p1_=0.000000 
this that set ehr =10000000.000000 p1_=0.000000 
this that set ehr =10000000.000000 p1_=0.000000 
this that set ehr =10000000.000000 p1_=0.000000 
this that set ehr =10000000.000000 p1_=0.000000 
this that set ehr =10000000.000000 p1_=0.000000 
this that set ehr =10000000.000000 p1_=0.000000 
this that set ehr =10000000.000000 p1_=0.000000 
this that set ehr =10000000.000000 p1_=0.000000 
this that set ehr =10000000.000000 p1_=0.000000 
this that set ehr =10000000.000000 p1_=0.000000 
this that set ehr =10000000.000000 p1_=0.000000 
this that set ehr =10000000.000000 p1_=0.000000 
this that set ehr =10000000.000000 p1_=0.000000 
this that set ehr =10000000.000000 p1_=0.000000 
this that set ehr =10000000.000000 p1_=0.000000 
this that set ehr =10000000.000000 p1_=0.000000 
this that set ehr =10000000.000000 p1_=0.000000 
this that set ehr =10000000.000000 p1_=0.000000 
this that set ehr =10000000.000000 p1_=0.000000 
this that set ehr =10000000.000000 p1_=0.000000 
this that set ehr =10000000.000000 p1_=0.000000 
this that set ehr =10000000.000000 p1_=0.000000 
this that set ehr =10000000.000000 p1_=0.000000 
this that set ehr =10000000.000000 p1_=0.000000 
this that set ehr =10000000.000000 p1_=0.000000 
this that set ehr =10000000.000000 p1_=0.000000 
this that set ehr =10000000.000000 p1_=0.000000 
this that set ehr =10000000.000000 p1_=0.000000 
this that set ehr =10000000.000000 p1_=0.000000 
this that set ehr =10000000.000000 p1_=0.000000 
this that set ehr =10000000.000000 p1_=0.000000 
this that set ehr =10000000.000000 p1_=0.000000 
this that set ehr =10000000.000000 p1_=0.000000 
this that set ehr =10000000.000000 p1_=0.000000 
this that set ehr =10000000.000000 p1_=0.000000 
this that set ehr =10000000.000000 p1_=0.000000 
this that set ehr =10000000.000000 p1_=0.000000 
this that set ehr =10000000.000000 p1_=0.000000 
this that set ehr =10000000.000000 p1_=0.000000 
this that set ehr =10000000.000000 p1_=0.000000 
this that set ehr =10000000.000000 p1_=0.000000 
this that set ehr =10000000.000000 p1_=0.000000 
this that set ehr =10000000.000000 p1_=0.000000 
this that set ehr =10000000.000000 p1_=0.000000 
this that set ehr =10000000.000000 p1_=0.000000 
this that set ehr =10000000.000000 p1_=0.000000 
this that set ehr =10000000.000000 p1_=0.000000 
this that set ehr =10000000.000000 p1_=0.000000 
this that set ehr =10000000.000000 p1_=0.000000 
this that set ehr =10000000.000000 p1_=0.000000 
this that set ehr =10000000.000000 p1_=0.000000 
this that set ehr =10000000.000000 p1_=0.000000 
this that set ehr =10000000.000000 p1_=0.000000 
this that set ehr =10000000.000000 p1_=0.000000 
this that set ehr =10000000.000000 p1_=0.000000 
this that set ehr =10000000.000000 p1_=0.000000 
this that set ehr =10000000.000000 p1_=0.000000 
this that set ehr =10000000.000000 p1_=0.000000 
this that set ehr =10000000.000000 p1_=0.000000 
this that set ehr =10000000.000000 p1_=0.000000 
this that set ehr =10000000.000000 p1_=0.000000 
this that set ehr =10000000.000000 p1_=0.000000 
this that set ehr =10000000.000000 p1_=0.000000 
this that set ehr =10000000.000000 p1_=0.000000 
this that set ehr =10000000.000000 p1_=0.000000 
this that set ehr =10000000.000000 p1_=0.000000 
this that set ehr =10000000.000000 p1_=0.000000 
this that set ehr =10000000.000000 p1_=0.000000 
this that set ehr =10000000.000000 p1_=0.000000 
this that set ehr =10000000.000000 p1_=0.000000 
this that set ehr =10000000.000000 p1_=0.000000 
this that set ehr =10000000.000000 p1_=0.000000 
this that set ehr =10000000.000000 p1_=0.000000 
this that set ehr =10000000.000000 p1_=0.000000 
this that set ehr =10000000.000000 p1_=0.000000 
this that set ehr =10000000.000000 p1_=0.000000 
this that set ehr =10000000.000000 p1_=0.000000 
this that set ehr =10000000.000000 p1_=0.000000 
this that set ehr =10000000.000000 p1_=0.000000 
this that set ehr =10000000.000000 p1_=0.000000 
this that set ehr =10000000.000000 p1_=0.000000 
this that set ehr =10000000.000000 p1_=0.000000 
this that set ehr =10000000.000000 p1_=0.000000 
this that set ehr =10000000.000000 p1_=0.000000 
this that set ehr =10000000.000000 p1_=0.000000 
this that set ehr =10000000.000000 p1_=0.000000 
this that set ehr =10000000.000000 p1_=0.000000 
this that set ehr =10000000.000000 p1_=0.000000 
this that set ehr =10000000.000000 p1_=0.000000 
this that set ehr =10000000.000000 p1_=0.000000 
this that set ehr =10000000.000000 p1_=0.000000 
this that set ehr =10000000.000000 p1_=0.000000 
this that set ehr =10000000.000000 p1_=0.000000 
this that set ehr =10000000.000000 p1_=0.000000 
this that set ehr =10000000.000000 p1_=0.000000 
this that set ehr =10000000.000000 p1_=0.000000 
this that set ehr =10000000.000000 p1_=0.000000 
this that set ehr =10000000.000000 p1_=0.000000 
this that set ehr =10000000.000000 p1_=0.000000 
this that set ehr =10000000.000000 p1_=0.000000 
this that set ehr =10000000.000000 p1_=0.000000 
this that set ehr =10000000.000000 p1_=0.000000 
this that set ehr =10000000.000000 p1_=0.000000 
this that set ehr =10000000.000000 p1_=0.000000 
this that set ehr =10000000.000000 p1_=0.000000 
this that set ehr =10000000.000000 p1_=0.000000 
this that set ehr =10000000.000000 p1_=0.000000 
this that set ehr =10000000.000000 p1_=0.000000 
this that set ehr =10000000.000000 p1_=0.000000 
this that set ehr =10000000.000000 p1_=0.000000 
this that set ehr =10000000.000000 p1_=0.000000 
this that set ehr =10000000.000000 p1_=0.000000 
this that set ehr =10000000.000000 p1_=0.000000 
this that set ehr =10000000.000000 p1_=0.000000 
this that set ehr =10000000.000000 p1_=0.000000 
this that set ehr =10000000.000000 p1_=0.000000 
this that set ehr =10000000.000000 p1_=0.000000 
this that set ehr =10000000.000000 p1_=0.000000 
this that set ehr =10000000.000000 p1_=0.000000 
this that set ehr =10000000.000000 p1_=0.000000 
this that set ehr =10000000.000000 p1_=0.000000 
this that set ehr =10000000.000000 p1_=0.000000 
this that set ehr =10000000.000000 p1_=0.000000 
this that set ehr =10000000.000000 p1_=0.000000 
this that set ehr =10000000.000000 p1_=0.000000 
this that set ehr =10000000.000000 p1_=0.000000 
this that set ehr =10000000.000000 p1_=0.000000 
this that set ehr =10000000.000000 p1_=0.000000 
this that set ehr =10000000.000000 p1_=0.000000 
this that set ehr =10000000.000000 p1_=0.000000 
this that set ehr =10000000.000000 p1_=0.000000 
this that set ehr =10000000.000000 p1_=0.000000 
this that set ehr =10000000.000000 p1_=0.000000 
this that set ehr =10000000.000000 p1_=0.000000 
this that set ehr =10000000.000000 p1_=0.000000 
this that set ehr =10000000.000000 p1_=0.000000 
this that set ehr =10000000.000000 p1_=0.000000 
this that set ehr =10000000.000000 p1_=0.000000 
this that set ehr =10000000.000000 p1_=0.000000 
this that set ehr =10000000.000000 p1_=0.000000 
this that set ehr =10000000.000000 p1_=0.000000 
this that set ehr =10000000.000000 p1_=0.000000 
this that set ehr =10000000.000000 p1_=0.000000 
this that set ehr =10000000.000000 p1_=0.000000 
this that set ehr =10000000.000000 p1_=0.000000 
this that set ehr =10000000.000000 p1_=0.000000 
this that set ehr =10000000.000000 p1_=0.000000 
this that set ehr =10000000.000000 p1_=0.000000 
this that set ehr =10000000.000000 p1_=0.000000 
this that set ehr =10000000.000000 p1_=0.000000 
this that set ehr =10000000.000000 p1_=0.000000 
this that set ehr =10000000.000000 p1_=0.000000 
this that set ehr =10000000.000000 p1_=0.000000 
this that set ehr =10000000.000000 p1_=0.000000 
this that set ehr =10000000.000000 p1_=0.000000 
this that set ehr =10000000.000000 p1_=0.000000 
this that set ehr =10000000.000000 p1_=0.000000 
this that set ehr =10000000.000000 p1_=0.000000 
this that set ehr =10000000.000000 p1_=0.000000 
this that set ehr =10000000.000000 p1_=0.000000 
this that set ehr =10000000.000000 p1_=0.000000 
this that set ehr =10000000.000000 p1_=0.000000 
this that set ehr =10000000.000000 p1_=0.000000 
this that set ehr =10000000.000000 p1_=0.000000 
this that set ehr =10000000.000000 p1_=0.000000 
this that set ehr =10000000.000000 p1_=0.000000 
this that set ehr =10000000.000000 p1_=0.000000 
this that set ehr =10000000.000000 p1_=0.000000 
this that set ehr =10000000.000000 p1_=0.000000 
this that set ehr =10000000.000000 p1_=0.000000 
this that set ehr =10000000.000000 p1_=0.000000 
this that set ehr =10000000.000000 p1_=0.000000 
this that set ehr =10000000.000000 p1_=0.000000 
this that set ehr =10000000.000000 p1_=0.000000 
this that set ehr =10000000.000000 p1_=0.000000 
this that set ehr =10000000.000000 p1_=0.000000 
this that set ehr =10000000.000000 p1_=0.000000 
this that set ehr =10000000.000000 p1_=0.000000 
this that set ehr =10000000.000000 p1_=0.000000 
this that set ehr =10000000.000000 p1_=0.000000 
this that set ehr =10000000.000000 p1_=0.000000 
this that set ehr =10000000.000000 p1_=0.000000 
this that set ehr =10000000.000000 p1_=0.000000 
this that set ehr =10000000.000000 p1_=0.000000 
this that set ehr =10000000.000000 p1_=0.000000 
this that set ehr =10000000.000000 p1_=0.000000 
this that set ehr =10000000.000000 p1_=0.000000 
this that set ehr =10000000.000000 p1_=0.000000 
this that set ehr =10000000.000000 p1_=0.000000 
this that set ehr =10000000.000000 p1_=0.000000 
this that set ehr =10000000.000000 p1_=0.000000 
this that set ehr =10000000.000000 p1_=0.000000 
this that set ehr =10000000.000000 p1_=0.000000 
this that set ehr =10000000.000000 p1_=0.000000 
this that set ehr =10000000.000000 p1_=0.000000 
this that set ehr =10000000.000000 p1_=0.000000 
this that set ehr =10000000.000000 p1_=0.000000 
this that set ehr =10000000.000000 p1_=0.000000 
this that set ehr =10000000.000000 p1_=0.000000 
this that set ehr =10000000.000000 p1_=0.000000 
this that set ehr =10000000.000000 p1_=0.000000 
this that set ehr =10000000.000000 p1_=0.000000 
this that set ehr =10000000.000000 p1_=0.000000 
this that set ehr =10000000.000000 p1_=0.000000 
this that set ehr =10000000.000000 p1_=0.000000 
this that set ehr =10000000.000000 p1_=0.000000 
this that set ehr =10000000.000000 p1_=0.000000 
this that set ehr =10000000.000000 p1_=0.000000 
this that set ehr =10000000.000000 p1_=0.000000 
this that set ehr =10000000.000000 p1_=0.000000 
this that set ehr =10000000.000000 p1_=0.000000 
this that set ehr =10000000.000000 p1_=0.000000 
this that set ehr =10000000.000000 p1_=0.000000 
this that set ehr =10000000.000000 p1_=0.000000 
this that set ehr =10000000.000000 p1_=0.000000 
this that set ehr =10000000.000000 p1_=0.000000 
this that set ehr =10000000.000000 p1_=0.000000 
this that set ehr =10000000.000000 p1_=0.000000 
this that set ehr =10000000.000000 p1_=0.000000 
this that set ehr =10000000.000000 p1_=0.000000 
this that set ehr =10000000.000000 p1_=0.000000 
this that set ehr =10000000.000000 p1_=0.000000 
this that set ehr =10000000.000000 p1_=0.000000 
this that set ehr =10000000.000000 p1_=0.000000 
this that set ehr =10000000.000000 p1_=0.000000 
this that set ehr =10000000.000000 p1_=0.000000 
this that set ehr =10000000.000000 p1_=0.000000 
this that set ehr =10000000.000000 p1_=0.000000 
this that set ehr =10000000.000000 p1_=0.000000 
this that set ehr =10000000.000000 p1_=0.000000 
this that set ehr =10000000.000000 p1_=0.000000 
this that set ehr =10000000.000000 p1_=0.000000 
this that set ehr =10000000.000000 p1_=0.000000 
this that set ehr =10000000.000000 p1_=0.000000 
this that set ehr =10000000.000000 p1_=0.000000 
this that set ehr =10000000.000000 p1_=0.000000 
this that set ehr =10000000.000000 p1_=0.000000 
this that set ehr =10000000.000000 p1_=0.000000 
this that set ehr =10000000.000000 p1_=0.000000 
this that set ehr =10000000.000000 p1_=0.000000 
this that set ehr =10000000.000000 p1_=0.000000 
this that set ehr =10000000.000000 p1_=0.000000 
this that set ehr =10000000.000000 p1_=0.000000 
this that set ehr =10000000.000000 p1_=0.000000 
this that set ehr =10000000.000000 p1_=0.000000 
this that set ehr =10000000.000000 p1_=0.000000 
this that set ehr =10000000.000000 p1_=0.000000 
this that set ehr =10000000.000000 p1_=0.000000 
this that set ehr =10000000.000000 p1_=0.000000 
this that set ehr =10000000.000000 p1_=0.000000 
this that set ehr =10000000.000000 p1_=0.000000 
this that set ehr =10000000.000000 p1_=0.000000 
this that set ehr =10000000.000000 p1_=0.000000 
this that set ehr =10000000.000000 p1_=0.000000 
this that set ehr =10000000.000000 p1_=0.000000 
this that set ehr =10000000.000000 p1_=0.000000 
this that set ehr =10000000.000000 p1_=0.000000 
this that set ehr =10000000.000000 p1_=0.000000 
this that set ehr =10000000.000000 p1_=0.000000 
this that set ehr =10000000.000000 p1_=0.000000 
this that set ehr =10000000.000000 p1_=0.000000 
this that set ehr =10000000.000000 p1_=0.000000 
this that set ehr =10000000.000000 p1_=0.000000 
this that set ehr =10000000.000000 p1_=0.000000 
this that set ehr =10000000.000000 p1_=0.000000 
this that set ehr =10000000.000000 p1_=0.000000 
this that set ehr =10000000.000000 p1_=0.000000 
this that set ehr =10000000.000000 p1_=0.000000 
this that set ehr =10000000.000000 p1_=0.000000 
this that set ehr =10000000.000000 p1_=0.000000 
this that set ehr =10000000.000000 p1_=0.000000 
this that set ehr =10000000.000000 p1_=0.000000 
this that set ehr =10000000.000000 p1_=0.000000 
this that set ehr =10000000.000000 p1_=0.000000 
this that set ehr =10000000.000000 p1_=0.000000 
this that set ehr =10000000.000000 p1_=0.000000 
this that set ehr =10000000.000000 p1_=0.000000 
this that set ehr =10000000.000000 p1_=0.000000 
this that set ehr =10000000.000000 p1_=0.000000 
this that set ehr =10000000.000000 p1_=0.000000 
this that set ehr =10000000.000000 p1_=0.000000 
this that set ehr =10000000.000000 p1_=0.000000 
this that set ehr =10000000.000000 p1_=0.000000 
this that set ehr =10000000.000000 p1_=0.000000 
this that set ehr =10000000.000000 p1_=0.000000 
this that set ehr =10000000.000000 p1_=0.000000 
this that set ehr =10000000.000000 p1_=0.000000 
this that set ehr =10000000.000000 p1_=0.000000 
this that set ehr =10000000.000000 p1_=0.000000 
this that set ehr =10000000.000000 p1_=0.000000 
this that set ehr =10000000.000000 p1_=0.000000 
this that set ehr =10000000.000000 p1_=0.000000 
this that set ehr =10000000.000000 p1_=0.000000 
this that set ehr =10000000.000000 p1_=0.000000 
this that set ehr =10000000.000000 p1_=0.000000 
this that set ehr =10000000.000000 p1_=0.000000 
this that set ehr =10000000.000000 p1_=0.000000 
this that set ehr =10000000.000000 p1_=0.000000 
this that set ehr =10000000.000000 p1_=0.000000 
this that set ehr =10000000.000000 p1_=0.000000 
this that set ehr =10000000.000000 p1_=0.000000 
this that set ehr =10000000.000000 p1_=0.000000 
this that set ehr =10000000.000000 p1_=0.000000 
this that set ehr =10000000.000000 p1_=0.000000 
this that set ehr =10000000.000000 p1_=0.000000 
this that set ehr =10000000.000000 p1_=0.000000 
this that set ehr =10000000.000000 p1_=0.000000 
this that set ehr =10000000.000000 p1_=0.000000 
this that set ehr =10000000.000000 p1_=0.000000 
this that set ehr =10000000.000000 p1_=0.000000 
this that set ehr =10000000.000000 p1_=0.000000 
this that set ehr =10000000.000000 p1_=0.000000 
this that set ehr =10000000.000000 p1_=0.000000 
this that set ehr =10000000.000000 p1_=0.000000 
this that set ehr =10000000.000000 p1_=0.000000 
this that set ehr =10000000.000000 p1_=0.000000 
this that set ehr =10000000.000000 p1_=0.000000 
this that set ehr =10000000.000000 p1_=0.000000 
this that set ehr =10000000.000000 p1_=0.000000 
this that set ehr =10000000.000000 p1_=0.000000 
this that set ehr =10000000.000000 p1_=0.000000 
this that set ehr =10000000.000000 p1_=0.000000 
this that set ehr =10000000.000000 p1_=0.000000 
this that set ehr =10000000.000000 p1_=0.000000 
this that set ehr =10000000.000000 p1_=0.000000 
this that set ehr =10000000.000000 p1_=0.000000 
this that set ehr =10000000.000000 p1_=0.000000 
this that set ehr =10000000.000000 p1_=0.000000 
this that set ehr =10000000.000000 p1_=0.000000 
this that set ehr =10000000.000000 p1_=0.000000 
this that set ehr =10000000.000000 p1_=0.000000 
this that set ehr =10000000.000000 p1_=0.000000 
this that set ehr =10000000.000000 p1_=0.000000 
this that set ehr =10000000.000000 p1_=0.000000 
this that set ehr =10000000.000000 p1_=0.000000 
this that set ehr =10000000.000000 p1_=0.000000 
this that set ehr =10000000.000000 p1_=0.000000 
this that set ehr =10000000.000000 p1_=0.000000 
this that set ehr =10000000.000000 p1_=0.000000 
this that set ehr =10000000.000000 p1_=0.000000 
this that set ehr =10000000.000000 p1_=0.000000 
this that set ehr =10000000.000000 p1_=0.000000 
this that set ehr =10000000.000000 p1_=0.000000 
this that set ehr =10000000.000000 p1_=0.000000 
this that set ehr =10000000.000000 p1_=0.000000 
this that set ehr =10000000.000000 p1_=0.000000 
this that set ehr =10000000.000000 p1_=0.000000 
this that set ehr =10000000.000000 p1_=0.000000 
this that set ehr =10000000.000000 p1_=0.000000 
this that set ehr =10000000.000000 p1_=0.000000 
this that set ehr =10000000.000000 p1_=0.000000 
this that set ehr =10000000.000000 p1_=0.000000 
this that set ehr =10000000.000000 p1_=0.000000 
this that set ehr =10000000.000000 p1_=0.000000 
this that set ehr =10000000.000000 p1_=0.000000 
this that set ehr =10000000.000000 p1_=0.000000 
this that set ehr =10000000.000000 p1_=0.000000 
this that set ehr =10000000.000000 p1_=0.000000 
this that set ehr =10000000.000000 p1_=0.000000 
this that set ehr =10000000.000000 p1_=0.000000 
this that set ehr =10000000.000000 p1_=0.000000 
this that set ehr =10000000.000000 p1_=0.000000 
this that set ehr =10000000.000000 p1_=0.000000 
this that set ehr =10000000.000000 p1_=0.000000 
this that set ehr =10000000.000000 p1_=0.000000 
this that set ehr =10000000.000000 p1_=0.000000 
this that set ehr =10000000.000000 p1_=0.000000 
this that set ehr =10000000.000000 p1_=0.000000 
this that set ehr =10000000.000000 p1_=0.000000 
this that set ehr =10000000.000000 p1_=0.000000 
this that set ehr =10000000.000000 p1_=0.000000 
this that set ehr =10000000.000000 p1_=0.000000 
this that set ehr =10000000.000000 p1_=0.000000 
this that set ehr =10000000.000000 p1_=0.000000 
this that set ehr =10000000.000000 p1_=0.000000 
this that set ehr =10000000.000000 p1_=0.000000 
this that set ehr =10000000.000000 p1_=0.000000 
this that set ehr =10000000.000000 p1_=0.000000 
this that set ehr =10000000.000000 p1_=0.000000 
this that set ehr =10000000.000000 p1_=0.000000 
this that set ehr =10000000.000000 p1_=0.000000 
this that set ehr =10000000.000000 p1_=0.000000 
this that set ehr =10000000.000000 p1_=0.000000 
this that set ehr =10000000.000000 p1_=0.000000 
this that set ehr =10000000.000000 p1_=0.000000 
this that set ehr =10000000.000000 p1_=0.000000 
this that set ehr =10000000.000000 p1_=0.000000 
this that set ehr =10000000.000000 p1_=0.000000 
this that set ehr =10000000.000000 p1_=0.000000 
this that set ehr =10000000.000000 p1_=0.000000 
this that set ehr =10000000.000000 p1_=0.000000 
this that set ehr =10000000.000000 p1_=0.000000 
this that set ehr =10000000.000000 p1_=0.000000 
this that set ehr =10000000.000000 p1_=0.000000 
this that set ehr =10000000.000000 p1_=0.000000 
this that set ehr =10000000.000000 p1_=0.000000 
this that set ehr =10000000.000000 p1_=0.000000 
this that set ehr =10000000.000000 p1_=0.000000 
this that set ehr =10000000.000000 p1_=0.000000 
this that set ehr =10000000.000000 p1_=0.000000 
this that set ehr =10000000.000000 p1_=0.000000 
this that set ehr =10000000.000000 p1_=0.000000 
this that set ehr =10000000.000000 p1_=0.000000 
this that set ehr =10000000.000000 p1_=0.000000 
this that set ehr =10000000.000000 p1_=0.000000 
this that set ehr =10000000.000000 p1_=0.000000 
this that set ehr =10000000.000000 p1_=0.000000 
this that set ehr =10000000.000000 p1_=0.000000 
this that set ehr =10000000.000000 p1_=0.000000 
this that set ehr =10000000.000000 p1_=0.000000 
this that set ehr =10000000.000000 p1_=0.000000 
this that set ehr =10000000.000000 p1_=0.000000 
this that set ehr =10000000.000000 p1_=0.000000 
this that set ehr =10000000.000000 p1_=0.000000 
this that set ehr =10000000.000000 p1_=0.000000 
this that set ehr =10000000.000000 p1_=0.000000 
this that set ehr =10000000.000000 p1_=0.000000 
this that set ehr =10000000.000000 p1_=0.000000 
this that set ehr =10000000.000000 p1_=0.000000 
this that set ehr =10000000.000000 p1_=0.000000 
this that set ehr =10000000.000000 p1_=0.000000 
this that set ehr =10000000.000000 p1_=0.000000 
this that set ehr =10000000.000000 p1_=0.000000 
this that set ehr =10000000.000000 p1_=0.000000 
this that set ehr =10000000.000000 p1_=0.000000 
this that set ehr =10000000.000000 p1_=0.000000 
this that set ehr =10000000.000000 p1_=0.000000 
this that set ehr =10000000.000000 p1_=0.000000 
this that set ehr =10000000.000000 p1_=0.000000 
this that set ehr =10000000.000000 p1_=0.000000 
this that set ehr =10000000.000000 p1_=0.000000 
this that set ehr =10000000.000000 p1_=0.000000 
this that set ehr =10000000.000000 p1_=0.000000 
this that set ehr =10000000.000000 p1_=0.000000 
this that set ehr =10000000.000000 p1_=0.000000 
this that set ehr =10000000.000000 p1_=0.000000 
this that set ehr =10000000.000000 p1_=0.000000 
this that set ehr =10000000.000000 p1_=0.000000 
this that set ehr =10000000.000000 p1_=0.000000 
this that set ehr =10000000.000000 p1_=0.000000 
this that set ehr =10000000.000000 p1_=0.000000 
this that set ehr =10000000.000000 p1_=0.000000 
this that set ehr =10000000.000000 p1_=0.000000 
this that set ehr =10000000.000000 p1_=0.000000 
this that set ehr =10000000.000000 p1_=0.000000 
this that set ehr =10000000.000000 p1_=0.000000 
this that set ehr =10000000.000000 p1_=0.000000 
this that set ehr =10000000.000000 p1_=0.000000 
this that set ehr =10000000.000000 p1_=0.000000 
this that set ehr =10000000.000000 p1_=0.000000 
this that set ehr =10000000.000000 p1_=0.000000 
this that set ehr =10000000.000000 p1_=0.000000 
this that set ehr =10000000.000000 p1_=0.000000 
this that set ehr =10000000.000000 p1_=0.000000 
this that set ehr =10000000.000000 p1_=0.000000 
this that set ehr =10000000.000000 p1_=0.000000 
this that set ehr =10000000.000000 p1_=0.000000 
this that set ehr =10000000.000000 p1_=0.000000 
this that set ehr =10000000.000000 p1_=0.000000 
this that set ehr =10000000.000000 p1_=0.000000 
this that set ehr =10000000.000000 p1_=0.000000 
this that set ehr =10000000.000000 p1_=0.000000 
this that set ehr =10000000.000000 p1_=0.000000 
this that set ehr =10000000.000000 p1_=0.000000 
this that set ehr =10000000.000000 p1_=0.000000 
this that set ehr =10000000.000000 p1_=0.000000 
this that set ehr =10000000.000000 p1_=0.000000 
this that set ehr =10000000.000000 p1_=0.000000 
this that set ehr =10000000.000000 p1_=0.000000 
this that set ehr =10000000.000000 p1_=0.000000 
this that set ehr =10000000.000000 p1_=0.000000 
this that set ehr =10000000.000000 p1_=0.000000 
this that set ehr =10000000.000000 p1_=0.000000 
this that set ehr =10000000.000000 p1_=0.000000 
this that set ehr =10000000.000000 p1_=0.000000 
this that set ehr =10000000.000000 p1_=0.000000 
this that set ehr =10000000.000000 p1_=0.000000 
this that set ehr =10000000.000000 p1_=0.000000 
this that set ehr =10000000.000000 p1_=0.000000 
this that set ehr =10000000.000000 p1_=0.000000 
this that set ehr =10000000.000000 p1_=0.000000 
this that set ehr =10000000.000000 p1_=0.000000 
this that set ehr =10000000.000000 p1_=0.000000 
this that set ehr =10000000.000000 p1_=0.000000 
this that set ehr =10000000.000000 p1_=0.000000 
this that set ehr =10000000.000000 p1_=0.000000 
this that set ehr =10000000.000000 p1_=0.000000 
this that set ehr =10000000.000000 p1_=0.000000 
this that set ehr =10000000.000000 p1_=0.000000 
this that set ehr =10000000.000000 p1_=0.000000 
this that set ehr =10000000.000000 p1_=0.000000 
this that set ehr =10000000.000000 p1_=0.000000 
this that set ehr =10000000.000000 p1_=0.000000 
this that set ehr =10000000.000000 p1_=0.000000 
this that set ehr =10000000.000000 p1_=0.000000 
this that set ehr =10000000.000000 p1_=0.000000 
this that set ehr =10000000.000000 p1_=0.000000 
this that set ehr =10000000.000000 p1_=0.000000 
this that set ehr =10000000.000000 p1_=0.000000 
this that set ehr =10000000.000000 p1_=0.000000 
this that set ehr =10000000.000000 p1_=0.000000 
this that set ehr =10000000.000000 p1_=0.000000 
this that set ehr =10000000.000000 p1_=0.000000 
this that set ehr =10000000.000000 p1_=0.000000 
this that set ehr =10000000.000000 p1_=0.000000 
this that set ehr =10000000.000000 p1_=0.000000 
this that set ehr =10000000.000000 p1_=0.000000 
this that set ehr =10000000.000000 p1_=0.000000 
this that set ehr =10000000.000000 p1_=0.000000 
this that set ehr =10000000.000000 p1_=0.000000 
this that set ehr =10000000.000000 p1_=0.000000 
this that set ehr =10000000.000000 p1_=0.000000 
this that set ehr =10000000.000000 p1_=0.000000 
this that set ehr =10000000.000000 p1_=0.000000 
this that set ehr =10000000.000000 p1_=0.000000 
this that set ehr =10000000.000000 p1_=0.000000 
this that set ehr =10000000.000000 p1_=0.000000 
this that set ehr =10000000.000000 p1_=0.000000 
this that set ehr =10000000.000000 p1_=0.000000 
this that set ehr =10000000.000000 p1_=0.000000 
this that set ehr =10000000.000000 p1_=0.000000 
this that set ehr =10000000.000000 p1_=0.000000 
this that set ehr =10000000.000000 p1_=0.000000 
this that set ehr =10000000.000000 p1_=0.000000 
this that set ehr =10000000.000000 p1_=0.000000 
this that set ehr =10000000.000000 p1_=0.000000 
this that set ehr =10000000.000000 p1_=0.000000 
this that set ehr =10000000.000000 p1_=0.000000 
this that set ehr =10000000.000000 p1_=0.000000 
this that set ehr =10000000.000000 p1_=0.000000 
this that set ehr =10000000.000000 p1_=0.000000 
this that set ehr =10000000.000000 p1_=0.000000 
this that set ehr =10000000.000000 p1_=0.000000 
this that set ehr =10000000.000000 p1_=0.000000 
this that set ehr =10000000.000000 p1_=0.000000 
this that set ehr =10000000.000000 p1_=0.000000 
this that set ehr =10000000.000000 p1_=0.000000 
this that set ehr =10000000.000000 p1_=0.000000 
this that set ehr =10000000.000000 p1_=0.000000 
this that set ehr =10000000.000000 p1_=0.000000 
this that set ehr =10000000.000000 p1_=0.000000 
this that set ehr =10000000.000000 p1_=0.000000 
this that set ehr =10000000.000000 p1_=0.000000 
this that set ehr =10000000.000000 p1_=0.000000 
this that set ehr =10000000.000000 p1_=0.000000 
this that set ehr =10000000.000000 p1_=0.000000 
this that set ehr =10000000.000000 p1_=0.000000 
this that set ehr =10000000.000000 p1_=0.000000 
this that set ehr =10000000.000000 p1_=0.000000 
this that set ehr =10000000.000000 p1_=0.000000 
this that set ehr =10000000.000000 p1_=0.000000 
this that set ehr =10000000.000000 p1_=0.000000 
this that set ehr =10000000.000000 p1_=0.000000 
this that set ehr =10000000.000000 p1_=0.000000 
this that set ehr =10000000.000000 p1_=0.000000 
this that set ehr =10000000.000000 p1_=0.000000 
this that set ehr =10000000.000000 p1_=0.000000 
this that set ehr =10000000.000000 p1_=0.000000 
this that set ehr =10000000.000000 p1_=0.000000 
this that set ehr =10000000.000000 p1_=0.000000 
this that set ehr =10000000.000000 p1_=0.000000 
this that set ehr =10000000.000000 p1_=0.000000 
this that set ehr =10000000.000000 p1_=0.000000 
this that set ehr =10000000.000000 p1_=0.000000 
this that set ehr =10000000.000000 p1_=0.000000 
this that set ehr =10000000.000000 p1_=0.000000 
this that set ehr =10000000.000000 p1_=0.000000 
this that set ehr =10000000.000000 p1_=0.000000 
this that set ehr =10000000.000000 p1_=0.000000 
this that set ehr =10000000.000000 p1_=0.000000 
this that set ehr =10000000.000000 p1_=0.000000 
this that set ehr =10000000.000000 p1_=0.000000 
this that set ehr =10000000.000000 p1_=0.000000 
this that set ehr =10000000.000000 p1_=0.000000 
this that set ehr =10000000.000000 p1_=0.000000 
this that set ehr =10000000.000000 p1_=0.000000 
this that set ehr =10000000.000000 p1_=0.000000 
this that set ehr =10000000.000000 p1_=0.000000 
this that set ehr =10000000.000000 p1_=0.000000 
this that set ehr =10000000.000000 p1_=0.000000 
this that set ehr =10000000.000000 p1_=0.000000 
this that set ehr =10000000.000000 p1_=0.000000 
this that set ehr =10000000.000000 p1_=0.000000 
this that set ehr =10000000.000000 p1_=0.000000 
this that set ehr =10000000.000000 p1_=0.000000 
this that set ehr =10000000.000000 p1_=0.000000 
this that set ehr =10000000.000000 p1_=0.000000 
this that set ehr =10000000.000000 p1_=0.000000 
this that set ehr =10000000.000000 p1_=0.000000 
this that set ehr =10000000.000000 p1_=0.000000 
this that set ehr =10000000.000000 p1_=0.000000 
this that set ehr =10000000.000000 p1_=0.000000 
this that set ehr =10000000.000000 p1_=0.000000 
this that set ehr =10000000.000000 p1_=0.000000 
this that set ehr =10000000.000000 p1_=0.000000 
this that set ehr =10000000.000000 p1_=0.000000 
this that set ehr =10000000.000000 p1_=0.000000 
this that set ehr =10000000.000000 p1_=0.000000 
this that set ehr =10000000.000000 p1_=0.000000 
this that set ehr =10000000.000000 p1_=0.000000 
this that set ehr =10000000.000000 p1_=0.000000 
this that set ehr =10000000.000000 p1_=0.000000 
this that set ehr =10000000.000000 p1_=0.000000 
this that set ehr =10000000.000000 p1_=0.000000 
this that set ehr =10000000.000000 p1_=0.000000 
this that set ehr =10000000.000000 p1_=0.000000 
this that set ehr =10000000.000000 p1_=0.000000 
this that set ehr =10000000.000000 p1_=0.000000 
this that set ehr =10000000.000000 p1_=0.000000 
this that set ehr =10000000.000000 p1_=0.000000 
this that set ehr =10000000.000000 p1_=0.000000 
this that set ehr =10000000.000000 p1_=0.000000 
this that set ehr =10000000.000000 p1_=0.000000 
this that set ehr =10000000.000000 p1_=0.000000 
this that set ehr =10000000.000000 p1_=0.000000 
this that set ehr =10000000.000000 p1_=0.000000 
this that set ehr =10000000.000000 p1_=0.000000 
this that set ehr =10000000.000000 p1_=0.000000 
this that set ehr =10000000.000000 p1_=0.000000 
this that set ehr =10000000.000000 p1_=0.000000 
this that set ehr =10000000.000000 p1_=0.000000 
this that set ehr =10000000.000000 p1_=0.000000 
this that set ehr =10000000.000000 p1_=0.000000 
this that set ehr =10000000.000000 p1_=0.000000 
this that set ehr =10000000.000000 p1_=0.000000 
this that set ehr =10000000.000000 p1_=0.000000 
this that set ehr =10000000.000000 p1_=0.000000 
this that set ehr =10000000.000000 p1_=0.000000 
this that set ehr =10000000.000000 p1_=0.000000 
this that set ehr =10000000.000000 p1_=0.000000 
this that set ehr =10000000.000000 p1_=0.000000 
this that set ehr =10000000.000000 p1_=0.000000 
this that set ehr =10000000.000000 p1_=0.000000 
this that set ehr =10000000.000000 p1_=0.000000 
this that set ehr =10000000.000000 p1_=0.000000 
this that set ehr =10000000.000000 p1_=0.000000 
this that set ehr =10000000.000000 p1_=0.000000 
this that set ehr =10000000.000000 p1_=0.000000 
this that set ehr =10000000.000000 p1_=0.000000 
this that set ehr =10000000.000000 p1_=0.000000 
this that set ehr =10000000.000000 p1_=0.000000 
this that set ehr =10000000.000000 p1_=0.000000 
this that set ehr =10000000.000000 p1_=0.000000 
this that set ehr =10000000.000000 p1_=0.000000 
this that set ehr =10000000.000000 p1_=0.000000 
this that set ehr =10000000.000000 p1_=0.000000 
this that set ehr =10000000.000000 p1_=0.000000 
this that set ehr =10000000.000000 p1_=0.000000 
this that set ehr =10000000.000000 p1_=0.000000 
this that set ehr =10000000.000000 p1_=0.000000 
this that set ehr =10000000.000000 p1_=0.000000 
this that set ehr =10000000.000000 p1_=0.000000 
this that set ehr =10000000.000000 p1_=0.000000 
this that set ehr =10000000.000000 p1_=0.000000 
this that set ehr =10000000.000000 p1_=0.000000 
this that set ehr =10000000.000000 p1_=0.000000 
this that set ehr =10000000.000000 p1_=0.000000 
this that set ehr =10000000.000000 p1_=0.000000 
this that set ehr =10000000.000000 p1_=0.000000 
this that set ehr =10000000.000000 p1_=0.000000 
this that set ehr =10000000.000000 p1_=0.000000 
this that set ehr =10000000.000000 p1_=0.000000 
this that set ehr =10000000.000000 p1_=0.000000 
this that set ehr =10000000.000000 p1_=0.000000 
this that set ehr =10000000.000000 p1_=0.000000 
this that set ehr =10000000.000000 p1_=0.000000 
this that set ehr =10000000.000000 p1_=0.000000 
this that set ehr =10000000.000000 p1_=0.000000 
this that set ehr =10000000.000000 p1_=0.000000 
this that set ehr =10000000.000000 p1_=0.000000 
this that set ehr =10000000.000000 p1_=0.000000 
this that set ehr =10000000.000000 p1_=0.000000 
this that set ehr =10000000.000000 p1_=0.000000 
this that set ehr =10000000.000000 p1_=0.000000 
this that set ehr =10000000.000000 p1_=0.000000 
this that set ehr =10000000.000000 p1_=0.000000 
this that set ehr =10000000.000000 p1_=0.000000 
this that set ehr =10000000.000000 p1_=0.000000 
this that set ehr =10000000.000000 p1_=0.000000 
this that set ehr =10000000.000000 p1_=0.000000 
this that set ehr =10000000.000000 p1_=0.000000 
this that set ehr =10000000.000000 p1_=0.000000 
this that set ehr =10000000.000000 p1_=0.000000 
this that set ehr =10000000.000000 p1_=0.000000 
this that set ehr =10000000.000000 p1_=0.000000 
this that set ehr =10000000.000000 p1_=0.000000 
this that set ehr =10000000.000000 p1_=0.000000 
this that set ehr =10000000.000000 p1_=0.000000 
this that set ehr =10000000.000000 p1_=0.000000 
this that set ehr =10000000.000000 p1_=0.000000 
this that set ehr =10000000.000000 p1_=0.000000 
this that set ehr =10000000.000000 p1_=0.000000 
this that set ehr =10000000.000000 p1_=0.000000 
this that set ehr =10000000.000000 p1_=0.000000 
this that set ehr =10000000.000000 p1_=0.000000 
this that set ehr =10000000.000000 p1_=0.000000 
this that set ehr =10000000.000000 p1_=0.000000 
this that set ehr =10000000.000000 p1_=0.000000 
this that set ehr =10000000.000000 p1_=0.000000 
this that set ehr =10000000.000000 p1_=0.000000 
this that set ehr =10000000.000000 p1_=0.000000 
this that set ehr =10000000.000000 p1_=0.000000 
this that set ehr =10000000.000000 p1_=0.000000 
this that set ehr =10000000.000000 p1_=0.000000 
this that set ehr =10000000.000000 p1_=0.000000 
this that set ehr =10000000.000000 p1_=0.000000 
this that set ehr =10000000.000000 p1_=0.000000 
this that set ehr =10000000.000000 p1_=0.000000 
this that set ehr =10000000.000000 p1_=0.000000 
this that set ehr =10000000.000000 p1_=0.000000 
this that set ehr =10000000.000000 p1_=0.000000 
this that set ehr =10000000.000000 p1_=0.000000 
this that set ehr =10000000.000000 p1_=0.000000 
this that set ehr =10000000.000000 p1_=0.000000 
this that set ehr =10000000.000000 p1_=0.000000 
this that set ehr =10000000.000000 p1_=0.000000 
this that set ehr =10000000.000000 p1_=0.000000 
this that set ehr =10000000.000000 p1_=0.000000 
this that set ehr =10000000.000000 p1_=0.000000 
this that set ehr =10000000.000000 p1_=0.000000 
this that set ehr =10000000.000000 p1_=0.000000 
this that set ehr =10000000.000000 p1_=0.000000 
this that set ehr =10000000.000000 p1_=0.000000 
this that set ehr =10000000.000000 p1_=0.000000 
this that set ehr =10000000.000000 p1_=0.000000 
this that set ehr =10000000.000000 p1_=0.000000 
this that set ehr =10000000.000000 p1_=0.000000 
this that set ehr =10000000.000000 p1_=0.000000 
this that set ehr =10000000.000000 p1_=0.000000 
this that set ehr =10000000.000000 p1_=0.000000 
this that set ehr =10000000.000000 p1_=0.000000 
this that set ehr =10000000.000000 p1_=0.000000 
this that set ehr =10000000.000000 p1_=0.000000 
this that set ehr =10000000.000000 p1_=0.000000 
this that set ehr =10000000.000000 p1_=0.000000 
this that set ehr =10000000.000000 p1_=0.000000 
this that set ehr =10000000.000000 p1_=0.000000 
this that set ehr =10000000.000000 p1_=0.000000 
this that set ehr =10000000.000000 p1_=0.000000 
this that set ehr =10000000.000000 p1_=0.000000 
this that set ehr =10000000.000000 p1_=0.000000 
this that set ehr =10000000.000000 p1_=0.000000 
this that set ehr =10000000.000000 p1_=0.000000 
this that set ehr =10000000.000000 p1_=0.000000 
this that set ehr =10000000.000000 p1_=0.000000 
this that set ehr =10000000.000000 p1_=0.000000 
this that set ehr =10000000.000000 p1_=0.000000 
this that set ehr =10000000.000000 p1_=0.000000 
this that set ehr =10000000.000000 p1_=0.000000 
this that set ehr =10000000.000000 p1_=0.000000 
this that set ehr =10000000.000000 p1_=0.000000 
this that set ehr =10000000.000000 p1_=0.000000 
this that set ehr =10000000.000000 p1_=0.000000 
this that set ehr =10000000.000000 p1_=0.000000 
this that set ehr =10000000.000000 p1_=0.000000 
this that set ehr =10000000.000000 p1_=0.000000 
this that set ehr =10000000.000000 p1_=0.000000 
this that set ehr =10000000.000000 p1_=0.000000 
this that set ehr =10000000.000000 p1_=0.000000 
this that set ehr =10000000.000000 p1_=0.000000 
this that set ehr =10000000.000000 p1_=0.000000 
this that set ehr =10000000.000000 p1_=0.000000 
this that set ehr =10000000.000000 p1_=0.000000 
this that set ehr =10000000.000000 p1_=0.000000 
this that set ehr =10000000.000000 p1_=0.000000 
this that set ehr =10000000.000000 p1_=0.000000 
this that set ehr =10000000.000000 p1_=0.000000 
this that set ehr =10000000.000000 p1_=0.000000 
this that set ehr =10000000.000000 p1_=0.000000 
this that set ehr =10000000.000000 p1_=0.000000 
this that set ehr =10000000.000000 p1_=0.000000 
this that set ehr =10000000.000000 p1_=0.000000 
this that set ehr =10000000.000000 p1_=0.000000 
this that set ehr =10000000.000000 p1_=0.000000 
this that set ehr =10000000.000000 p1_=0.000000 
this that set ehr =10000000.000000 p1_=0.000000 
this that set ehr =10000000.000000 p1_=0.000000 
this that set ehr =10000000.000000 p1_=0.000000 
this that set ehr =10000000.000000 p1_=0.000000 
this that set ehr =10000000.000000 p1_=0.000000 
this that set ehr =10000000.000000 p1_=0.000000 
this that set ehr =10000000.000000 p1_=0.000000 
this that set ehr =10000000.000000 p1_=0.000000 
this that set ehr =10000000.000000 p1_=0.000000 
this that set ehr =10000000.000000 p1_=0.000000 
this that set ehr =10000000.000000 p1_=0.000000 
this that set ehr =10000000.000000 p1_=0.000000 
this that set ehr =10000000.000000 p1_=0.000000 
this that set ehr =10000000.000000 p1_=0.000000 
this that set ehr =10000000.000000 p1_=0.000000 
this that set ehr =10000000.000000 p1_=0.000000 
this that set ehr =10000000.000000 p1_=0.000000 
this that set ehr =10000000.000000 p1_=0.000000 
this that set ehr =10000000.000000 p1_=0.000000 
this that set ehr =10000000.000000 p1_=0.000000 
this that set ehr =10000000.000000 p1_=0.000000 
this that set ehr =10000000.000000 p1_=0.000000 
this that set ehr =10000000.000000 p1_=0.000000 
this that set ehr =10000000.000000 p1_=0.000000 
this that set ehr =10000000.000000 p1_=0.000000 
this that set ehr =10000000.000000 p1_=0.000000 
this that set ehr =10000000.000000 p1_=0.000000 
this that set ehr =10000000.000000 p1_=0.000000 
this that set ehr =10000000.000000 p1_=0.000000 
this that set ehr =10000000.000000 p1_=0.000000 
this that set ehr =10000000.000000 p1_=0.000000 
this that set ehr =10000000.000000 p1_=0.000000 
this that set ehr =10000000.000000 p1_=0.000000 
this that set ehr =10000000.000000 p1_=0.000000 
this that set ehr =10000000.000000 p1_=0.000000 
this that set ehr =10000000.000000 p1_=0.000000 
this that set ehr =10000000.000000 p1_=0.000000 
this that set ehr =10000000.000000 p1_=0.000000 
this that set ehr =10000000.000000 p1_=0.000000 
this that set ehr =10000000.000000 p1_=0.000000 
this that set ehr =10000000.000000 p1_=0.000000 
this that set ehr =10000000.000000 p1_=0.000000 
this that set ehr =10000000.000000 p1_=0.000000 
this that set ehr =10000000.000000 p1_=0.000000 
this that set ehr =10000000.000000 p1_=0.000000 
this that set ehr =10000000.000000 p1_=0.000000 
this that set ehr =10000000.000000 p1_=0.000000 
this that set ehr =10000000.000000 p1_=0.000000 
this that set ehr =10000000.000000 p1_=0.000000 
this that set ehr =10000000.000000 p1_=0.000000 
this that set ehr =10000000.000000 p1_=0.000000 
this that set ehr =10000000.000000 p1_=0.000000 
this that set ehr =10000000.000000 p1_=0.000000 
this that set ehr =10000000.000000 p1_=0.000000 
this that set ehr =10000000.000000 p1_=0.000000 
this that set ehr =10000000.000000 p1_=0.000000 
this that set ehr =10000000.000000 p1_=0.000000 
this that set ehr =10000000.000000 p1_=0.000000 
this that set ehr =10000000.000000 p1_=0.000000 
this that set ehr =10000000.000000 p1_=0.000000 
this that set ehr =10000000.000000 p1_=0.000000 
this that set ehr =10000000.000000 p1_=0.000000 
this that set ehr =10000000.000000 p1_=0.000000 
this that set ehr =10000000.000000 p1_=0.000000 
this that set ehr =10000000.000000 p1_=0.000000 
this that set ehr =10000000.000000 p1_=0.000000 
this that set ehr =10000000.000000 p1_=0.000000 
this that set ehr =10000000.000000 p1_=0.000000 
this that set ehr =10000000.000000 p1_=0.000000 
this that set ehr =10000000.000000 p1_=0.000000 
this that set ehr =10000000.000000 p1_=0.000000 
this that set ehr =10000000.000000 p1_=0.000000 
this that set ehr =10000000.000000 p1_=0.000000 
this that set ehr =10000000.000000 p1_=0.000000 
this that set ehr =10000000.000000 p1_=0.000000 
this that set ehr =10000000.000000 p1_=0.000000 
this that set ehr =10000000.000000 p1_=0.000000 
this that set ehr =10000000.000000 p1_=0.000000 
this that set ehr =10000000.000000 p1_=0.000000 
this that set ehr =10000000.000000 p1_=0.000000 
this that set ehr =10000000.000000 p1_=0.000000 
this that set ehr =10000000.000000 p1_=0.000000 
this that set ehr =10000000.000000 p1_=0.000000 
this that set ehr =10000000.000000 p1_=0.000000 
this that set ehr =10000000.000000 p1_=0.000000 
this that set ehr =10000000.000000 p1_=0.000000 
this that set ehr =10000000.000000 p1_=0.000000 
this that set ehr =10000000.000000 p1_=0.000000 
this that set ehr =10000000.000000 p1_=0.000000 
this that set ehr =10000000.000000 p1_=0.000000 
this that set ehr =10000000.000000 p1_=0.000000 
this that set ehr =10000000.000000 p1_=0.000000 
this that set ehr =10000000.000000 p1_=0.000000 
this that set ehr =10000000.000000 p1_=0.000000 
this that set ehr =10000000.000000 p1_=0.000000 
this that set ehr =10000000.000000 p1_=0.000000 
this that set ehr =10000000.000000 p1_=0.000000 
this that set ehr =10000000.000000 p1_=0.000000 
this that set ehr =10000000.000000 p1_=0.000000 
this that set ehr =10000000.000000 p1_=0.000000 
this that set ehr =10000000.000000 p1_=0.000000 
this that set ehr =10000000.000000 p1_=0.000000 
this that set ehr =10000000.000000 p1_=0.000000 
this that set ehr =10000000.000000 p1_=0.000000 
this that set ehr =10000000.000000 p1_=0.000000 
this that set ehr =10000000.000000 p1_=0.000000 
this that set ehr =10000000.000000 p1_=0.000000 
this that set ehr =10000000.000000 p1_=0.000000 
this that set ehr =10000000.000000 p1_=0.000000 
this that set ehr =10000000.000000 p1_=0.000000 
this that set ehr =10000000.000000 p1_=0.000000 
this that set ehr =10000000.000000 p1_=0.000000 
this that set ehr =10000000.000000 p1_=0.000000 
this that set ehr =10000000.000000 p1_=0.000000 
this that set ehr =10000000.000000 p1_=0.000000 
this that set ehr =10000000.000000 p1_=0.000000 
this that set ehr =10000000.000000 p1_=0.000000 
this that set ehr =10000000.000000 p1_=0.000000 
this that set ehr =10000000.000000 p1_=0.000000 
this that set ehr =10000000.000000 p1_=0.000000 
this that set ehr =10000000.000000 p1_=0.000000 
this that set ehr =10000000.000000 p1_=0.000000 
this that set ehr =10000000.000000 p1_=0.000000 
this that set ehr =10000000.000000 p1_=0.000000 
this that set ehr =10000000.000000 p1_=0.000000 
this that set ehr =10000000.000000 p1_=0.000000 
this that set ehr =10000000.000000 p1_=0.000000 
this that set ehr =10000000.000000 p1_=0.000000 
this that set ehr =10000000.000000 p1_=0.000000 
this that set ehr =10000000.000000 p1_=0.000000 
this that set ehr =10000000.000000 p1_=0.000000 
this that set ehr =10000000.000000 p1_=0.000000 
this that set ehr =10000000.000000 p1_=0.000000 
this that set ehr =10000000.000000 p1_=0.000000 
this that set ehr =10000000.000000 p1_=0.000000 
this that set ehr =10000000.000000 p1_=0.000000 
this that set ehr =10000000.000000 p1_=0.000000 
this that set ehr =10000000.000000 p1_=0.000000 
this that set ehr =10000000.000000 p1_=0.000000 
this that set ehr =10000000.000000 p1_=0.000000 
this that set ehr =10000000.000000 p1_=0.000000 
this that set ehr =10000000.000000 p1_=0.000000 
this that set ehr =10000000.000000 p1_=0.000000 
this that set ehr =10000000.000000 p1_=0.000000 
this that set ehr =10000000.000000 p1_=0.000000 
this that set ehr =10000000.000000 p1_=0.000000 
this that set ehr =10000000.000000 p1_=0.000000 
this that set ehr =10000000.000000 p1_=0.000000 
this that set ehr =10000000.000000 p1_=0.000000 
this that set ehr =10000000.000000 p1_=0.000000 
this that set ehr =10000000.000000 p1_=0.000000 
this that set ehr =10000000.000000 p1_=0.000000 
this that set ehr =10000000.000000 p1_=0.000000 
this that set ehr =10000000.000000 p1_=0.000000 
this that set ehr =10000000.000000 p1_=0.000000 
this that set ehr =10000000.000000 p1_=0.000000 
this that set ehr =10000000.000000 p1_=0.000000 
this that set ehr =10000000.000000 p1_=0.000000 
this that set ehr =10000000.000000 p1_=0.000000 
this that set ehr =10000000.000000 p1_=0.000000 
this that set ehr =10000000.000000 p1_=0.000000 
this that set ehr =10000000.000000 p1_=0.000000 
this that set ehr =10000000.000000 p1_=0.000000 
RCR boundary condition
Subdomain No. 1000
Joint No. 999
Outlet No. 1
Number of equations 86366
Using Conservative Form ...
maxStep/stepSize: 100
Total Solution is: 100 x 86366
**** Time cycle 1
Calculated a NaN for the residual.
Terminated.
