[generate-1d-mesh] INFO - Parse arguments ...
[generate-1d-mesh] INFO - Model order: 0
[generate-1d-mesh] INFO - Centerlines input file: /Users/rakshakonanur/Documents/Research/Organoid-Project/coupled-multi-organoid-model/simvascular/u-bend-moved-channel/ROMSimulations/inverse-taper/centerlines.vtp
[generate-1d-mesh] INFO - Compute centerlines: False
[generate-1d-mesh] INFO - Density: 1.000000
[generate-1d-mesh] INFO - Element size: 0.100000
[generate-1d-mesh] INFO - Inflow input file: /Users/rakshakonanur/Documents/Research/Organoid-Project/coupled-multi-organoid-model/simvascular/u-bend-moved-channel/ROMSimulations/inverse-taper/steady.flow
[generate-1d-mesh] INFO - Linear material parameter Er/h: 10000000.000000
[generate-1d-mesh] INFO - Linear material parameter pressure: 0.000000
[generate-1d-mesh] INFO - Material model: LINEAR
[generate-1d-mesh] INFO - Minimum number of finite elements per segment: 5
[generate-1d-mesh] INFO - Model name: inverse-taper
[generate-1d-mesh] INFO - Model order: 0
[generate-1d-mesh] INFO - Number of time steps: 10
[generate-1d-mesh] INFO - Outflow bc file: /Users/rakshakonanur/Documents/Research/Organoid-Project/coupled-multi-organoid-model/simvascular/u-bend-moved-channel/ROMSimulations/inverse-taper
[generate-1d-mesh] INFO - Outflow bc type: ['resistance.dat']
[generate-1d-mesh] INFO - Outlet face names file: '/Users/rakshakonanur/Documents/Research/Organoid-Project/coupled-multi-organoid-model/simvascular/u-bend-moved-channel/ROMSimulations/inverse-taper/outlet_face_names.dat'.
[generate-1d-mesh] INFO - Minimum number of sub-segments per master-segment: 100
[generate-1d-mesh] INFO - Sub-segment size in vessel master-segment: 9999
[generate-1d-mesh] INFO - Sub-segment size is adaptive: 0
[generate-1d-mesh] INFO - Save data frequency: 1
[generate-1d-mesh] INFO - Solver output file: solver_0d.json
[generate-1d-mesh] INFO - Simulation time step: 0.100000
[generate-1d-mesh] INFO - Uniform boundary conditions: False
[generate-1d-mesh] INFO - Units: cm
[generate-1d-mesh] INFO - Viscosity: 0.007000
[generate-1d-mesh] INFO - Wall properties are uniform.
[generate-1d-mesh] INFO - Read centerlines from the file: /Users/rakshakonanur/Documents/Research/Organoid-Project/coupled-multi-organoid-model/simvascular/u-bend-moved-channel/ROMSimulations/inverse-taper/centerlines.vtp
[generate-1d-mesh] INFO -    Number of points: 6487 
[generate-1d-mesh] INFO -    Number of cells: 6486 
[generate-1d-mesh] INFO -    Number of arrays: 0
[generate-1d-mesh] INFO - Generate the 1D mesh ...
[generate-1d-mesh] INFO - Read model outlet face names from: /Users/rakshakonanur/Documents/Research/Organoid-Project/coupled-multi-organoid-model/simvascular/u-bend-moved-channel/ROMSimulations/inverse-taper/outlet_face_names.dat
[generate-1d-mesh] INFO - Number of model outlet faces names: 1
[generate-1d-mesh] INFO - Outlet face names: ['outlet']
[generate-1d-mesh] INFO - Number of centerline branches: 1
[generate-1d-mesh] INFO - Number of centerline bifurcations: 0
[generate-1d-mesh] INFO - Number of svOneDSolver branches: 100
[generate-1d-mesh] INFO - Number of svOneDSolver joints: 99
[generate-1d-mesh] INFO - Set variable outflow boundary conditions ...
[generate-1d-mesh] INFO - Surface outlet boundary condition type resistance
[generate-1d-mesh] INFO - Read inflow BC ...
[generate-1d-mesh] INFO - Generated 100 segments, 101 nodes and 100 elements.
