--- 
MODEL NAME: fluid-domain
--- 
NODE DATA
--- 
NODE: 0
NAME: 0
X: -0.299854
Y: 2.844517
Z: 0.494994
--- 
NODE: 1
NAME: 1
X: -0.299973
Y: 2.711177
Z: 0.494989
--- 
NODE: 2
NAME: 2
X: -0.300123
Y: 2.577847
Z: 0.495191
--- 
NODE: 3
NAME: 3
X: -0.299934
Y: 2.444521
Z: 0.495109
--- 
NODE: 4
NAME: 4
X: -0.299974
Y: 2.311197
Z: 0.495027
--- 
NODE: 5
NAME: 5
X: -0.299929
Y: 2.177870
Z: 0.495233
--- 
NODE: 6
NAME: 6
X: -0.300041
Y: 2.044537
Z: 0.495155
--- 
NODE: 7
NAME: 7
X: -0.299698
Y: 1.911213
Z: 0.495121
--- 
NODE: 8
NAME: 8
X: -0.299959
Y: 1.777884
Z: 0.495251
--- 
NODE: 9
NAME: 9
X: -0.299923
Y: 1.644557
Z: 0.495410
--- 
NODE: 10
NAME: 10
X: -0.299980
Y: 1.511227
Z: 0.495301
--- 
NODE: 11
NAME: 11
X: -0.300158
Y: 1.377895
Z: 0.495095
--- 
NODE: 12
NAME: 12
X: -0.299940
Y: 1.244564
Z: 0.494922
--- 
NODE: 13
NAME: 13
X: -0.300043
Y: 1.111238
Z: 0.495124
--- 
NODE: 14
NAME: 14
X: -0.300115
Y: 0.977906
Z: 0.495173
--- 
NODE: 15
NAME: 15
X: -0.300127
Y: 0.844576
Z: 0.495176
--- 
NODE: 16
NAME: 16
X: -0.299815
Y: 0.711249
Z: 0.495103
--- 
NODE: 17
NAME: 17
X: -0.300229
Y: 0.577922
Z: 0.495214
--- 
NODE: 18
NAME: 18
X: -0.300187
Y: 0.444596
Z: 0.495201
--- 
NODE: 19
NAME: 19
X: -0.300082
Y: 0.311267
Z: 0.495227
--- 
NODE: 20
NAME: 20
X: -0.299775
Y: 0.177941
Z: 0.495311
--- 
NODE: 21
NAME: 21
X: -0.299684
Y: 0.044612
Z: 0.495509
--- 
NODE: 22
NAME: 22
X: -0.299939
Y: -0.088713
Z: 0.495117
--- 
NODE: 23
NAME: 23
X: -0.300076
Y: -0.222042
Z: 0.495078
--- 
NODE: 24
NAME: 24
X: -0.300122
Y: -0.355373
Z: 0.495193
--- 
NODE: 25
NAME: 25
X: -0.300328
Y: -0.488703
Z: 0.495404
--- 
NODE: 26
NAME: 26
X: -0.299750
Y: -0.622032
Z: 0.495166
--- 
NODE: 27
NAME: 27
X: -0.299800
Y: -0.755359
Z: 0.495408
--- 
NODE: 28
NAME: 28
X: -0.299906
Y: -0.888687
Z: 0.495280
--- 
NODE: 29
NAME: 29
X: -0.300217
Y: -1.022022
Z: 0.495174
--- 
NODE: 30
NAME: 30
X: -0.300155
Y: -1.155348
Z: 0.495249
--- 
NODE: 31
NAME: 31
X: -0.299848
Y: -1.288678
Z: 0.495060
--- 
NODE: 32
NAME: 32
X: -0.300252
Y: -1.422005
Z: 0.495345
--- 
NODE: 33
NAME: 33
X: -0.300206
Y: -1.555331
Z: 0.494948
--- 
NODE: 34
NAME: 34
X: -0.299984
Y: -1.688664
Z: 0.495178
--- 
NODE: 35
NAME: 35
X: -0.301431
Y: -1.816878
Z: 0.524573
--- 
NODE: 36
NAME: 36
X: -0.300148
Y: -1.944242
Z: 0.550018
--- 
NODE: 37
NAME: 37
X: -0.299959
Y: -2.077579
Z: 0.549908
--- 
NODE: 38
NAME: 38
X: -0.299866
Y: -2.210916
Z: 0.549948
--- 
NODE: 39
NAME: 39
X: -0.299955
Y: -2.344254
Z: 0.549976
--- 
NODE: 40
NAME: 40
X: -0.299972
Y: -2.477591
Z: 0.550017
--- 
NODE: 41
NAME: 41
X: -0.300000
Y: -2.610928
Z: 0.550186
--- 
NODE: 42
NAME: 42
X: -0.300048
Y: -2.744265
Z: 0.550100
--- 
NODE: 43
NAME: 43
X: -0.300079
Y: -2.877594
Z: 0.548995
--- 
NODE: 44
NAME: 44
X: -0.300051
Y: -3.010924
Z: 0.549586
--- 
NODE: 45
NAME: 45
X: -0.300047
Y: -3.144263
Z: 0.549535
--- 
NODE: 46
NAME: 46
X: -0.299985
Y: -3.277602
Z: 0.549586
--- 
NODE: 47
NAME: 47
X: -0.279915
Y: -3.408658
Z: 0.549589
--- 
NODE: 48
NAME: 48
X: -0.210802
Y: -3.521579
Z: 0.549691
--- 
NODE: 49
NAME: 49
X: -0.102422
Y: -3.597507
Z: 0.549683
--- 
NODE: 50
NAME: 50
X: 0.027344
Y: -3.624047
Z: 0.549708
--- 
NODE: 51
NAME: 51
X: 0.156632
Y: -3.595721
Z: 0.549942
--- 
NODE: 52
NAME: 52
X: 0.264238
Y: -3.518580
Z: 0.550001
--- 
NODE: 53
NAME: 53
X: 0.331172
Y: -3.404361
Z: 0.550089
--- 
NODE: 54
NAME: 54
X: 0.349773
Y: -3.273079
Z: 0.549988
--- 
NODE: 55
NAME: 55
X: 0.348783
Y: -3.139744
Z: 0.549750
--- 
NODE: 56
NAME: 56
X: 0.347890
Y: -3.006409
Z: 0.549484
--- 
NODE: 57
NAME: 57
X: 0.346873
Y: -2.873075
Z: 0.549351
--- 
NODE: 58
NAME: 58
X: 0.346981
Y: -2.739746
Z: 0.549866
--- 
NODE: 59
NAME: 59
X: 0.349996
Y: -2.606598
Z: 0.550000
--- 
NODE: 60
NAME: 60
X: 0.349968
Y: -2.473259
Z: 0.549973
--- 
NODE: 61
NAME: 61
X: 0.349969
Y: -2.339921
Z: 0.550017
--- 
NODE: 62
NAME: 62
X: 0.349949
Y: -2.206584
Z: 0.550015
--- 
NODE: 63
NAME: 63
X: 0.350017
Y: -2.073246
Z: 0.550070
--- 
NODE: 64
NAME: 64
X: 0.349920
Y: -1.939908
Z: 0.549980
--- 
NODE: 65
NAME: 65
X: 0.350893
Y: -1.820092
Z: 0.495222
--- 
NODE: 66
NAME: 66
X: 0.349910
Y: -1.689342
Z: 0.475224
--- 
NODE: 67
NAME: 67
X: 0.349911
Y: -1.556006
Z: 0.475130
--- 
NODE: 68
NAME: 68
X: 0.350058
Y: -1.422671
Z: 0.474965
--- 
NODE: 69
NAME: 69
X: 0.349965
Y: -1.289335
Z: 0.475297
--- 
NODE: 70
NAME: 70
X: 0.349959
Y: -1.156000
Z: 0.475027
--- 
NODE: 71
NAME: 71
X: 0.349965
Y: -1.022666
Z: 0.474905
--- 
NODE: 72
NAME: 72
X: 0.350042
Y: -0.889330
Z: 0.474979
--- 
NODE: 73
NAME: 73
X: 0.349911
Y: -0.755994
Z: 0.474977
--- 
NODE: 74
NAME: 74
X: 0.349753
Y: -0.622662
Z: 0.475085
--- 
NODE: 75
NAME: 75
X: 0.349935
Y: -0.489328
Z: 0.474923
--- 
NODE: 76
NAME: 76
X: 0.349970
Y: -0.355993
Z: 0.474902
--- 
NODE: 77
NAME: 77
X: 0.350013
Y: -0.222661
Z: 0.474957
--- 
NODE: 78
NAME: 78
X: 0.349925
Y: -0.089325
Z: 0.474905
--- 
NODE: 79
NAME: 79
X: 0.349754
Y: 0.044011
Z: 0.475007
--- 
NODE: 80
NAME: 80
X: 0.349962
Y: 0.177344
Z: 0.474999
--- 
NODE: 81
NAME: 81
X: 0.349848
Y: 0.310678
Z: 0.475181
--- 
NODE: 82
NAME: 82
X: 0.350076
Y: 0.444013
Z: 0.474859
--- 
NODE: 83
NAME: 83
X: 0.349928
Y: 0.577348
Z: 0.474883
--- 
NODE: 84
NAME: 84
X: 0.349952
Y: 0.710684
Z: 0.475189
--- 
NODE: 85
NAME: 85
X: 0.350107
Y: 0.844021
Z: 0.475055
--- 
NODE: 86
NAME: 86
X: 0.349785
Y: 0.977356
Z: 0.474993
--- 
NODE: 87
NAME: 87
X: 0.349852
Y: 1.110688
Z: 0.475079
--- 
NODE: 88
NAME: 88
X: 0.349933
Y: 1.244023
Z: 0.474894
--- 
NODE: 89
NAME: 89
X: 0.349842
Y: 1.377357
Z: 0.475090
--- 
NODE: 90
NAME: 90
X: 0.350124
Y: 1.510692
Z: 0.475006
--- 
NODE: 91
NAME: 91
X: 0.349855
Y: 1.644027
Z: 0.475094
--- 
NODE: 92
NAME: 92
X: 0.349972
Y: 1.777362
Z: 0.475092
--- 
NODE: 93
NAME: 93
X: 0.350007
Y: 1.910691
Z: 0.474951
--- 
NODE: 94
NAME: 94
X: 0.350008
Y: 2.044027
Z: 0.475066
--- 
NODE: 95
NAME: 95
X: 0.349990
Y: 2.177363
Z: 0.474967
--- 
NODE: 96
NAME: 96
X: 0.349843
Y: 2.310694
Z: 0.474890
--- 
NODE: 97
NAME: 97
X: 0.349943
Y: 2.444027
Z: 0.475003
--- 
NODE: 98
NAME: 98
X: 0.349920
Y: 2.577365
Z: 0.475044
--- 
NODE: 99
NAME: 99
X: 0.349615
Y: 2.710701
Z: 0.475239
--- 
NODE: 100
NAME: 100
X: 0.349627
Y: 2.844041
Z: 0.474993
--- 
JOINT DATA
--- 
JOINT: 0
NAME: J0
NODE: 1
X: -0.299854
Y: 2.844517
Z: 0.494994
INLET NAME: IN0
OUTLET NAME: OUT0
--- 
JOINT: 1
NAME: J1
NODE: 2
X: -0.299973
Y: 2.711177
Z: 0.494989
INLET NAME: IN1
OUTLET NAME: OUT1
--- 
JOINT: 2
NAME: J2
NODE: 3
X: -0.300123
Y: 2.577847
Z: 0.495191
INLET NAME: IN2
OUTLET NAME: OUT2
--- 
JOINT: 3
NAME: J3
NODE: 4
X: -0.299934
Y: 2.444521
Z: 0.495109
INLET NAME: IN3
OUTLET NAME: OUT3
--- 
JOINT: 4
NAME: J4
NODE: 5
X: -0.299974
Y: 2.311197
Z: 0.495027
INLET NAME: IN4
OUTLET NAME: OUT4
--- 
JOINT: 5
NAME: J5
NODE: 6
X: -0.299929
Y: 2.177870
Z: 0.495233
INLET NAME: IN5
OUTLET NAME: OUT5
--- 
JOINT: 6
NAME: J6
NODE: 7
X: -0.300041
Y: 2.044537
Z: 0.495155
INLET NAME: IN6
OUTLET NAME: OUT6
--- 
JOINT: 7
NAME: J7
NODE: 8
X: -0.299698
Y: 1.911213
Z: 0.495121
INLET NAME: IN7
OUTLET NAME: OUT7
--- 
JOINT: 8
NAME: J8
NODE: 9
X: -0.299959
Y: 1.777884
Z: 0.495251
INLET NAME: IN8
OUTLET NAME: OUT8
--- 
JOINT: 9
NAME: J9
NODE: 10
X: -0.299923
Y: 1.644557
Z: 0.495410
INLET NAME: IN9
OUTLET NAME: OUT9
--- 
JOINT: 10
NAME: J10
NODE: 11
X: -0.299980
Y: 1.511227
Z: 0.495301
INLET NAME: IN10
OUTLET NAME: OUT10
--- 
JOINT: 11
NAME: J11
NODE: 12
X: -0.300158
Y: 1.377895
Z: 0.495095
INLET NAME: IN11
OUTLET NAME: OUT11
--- 
JOINT: 12
NAME: J12
NODE: 13
X: -0.299940
Y: 1.244564
Z: 0.494922
INLET NAME: IN12
OUTLET NAME: OUT12
--- 
JOINT: 13
NAME: J13
NODE: 14
X: -0.300043
Y: 1.111238
Z: 0.495124
INLET NAME: IN13
OUTLET NAME: OUT13
--- 
JOINT: 14
NAME: J14
NODE: 15
X: -0.300115
Y: 0.977906
Z: 0.495173
INLET NAME: IN14
OUTLET NAME: OUT14
--- 
JOINT: 15
NAME: J15
NODE: 16
X: -0.300127
Y: 0.844576
Z: 0.495176
INLET NAME: IN15
OUTLET NAME: OUT15
--- 
JOINT: 16
NAME: J16
NODE: 17
X: -0.299815
Y: 0.711249
Z: 0.495103
INLET NAME: IN16
OUTLET NAME: OUT16
--- 
JOINT: 17
NAME: J17
NODE: 18
X: -0.300229
Y: 0.577922
Z: 0.495214
INLET NAME: IN17
OUTLET NAME: OUT17
--- 
JOINT: 18
NAME: J18
NODE: 19
X: -0.300187
Y: 0.444596
Z: 0.495201
INLET NAME: IN18
OUTLET NAME: OUT18
--- 
JOINT: 19
NAME: J19
NODE: 20
X: -0.300082
Y: 0.311267
Z: 0.495227
INLET NAME: IN19
OUTLET NAME: OUT19
--- 
JOINT: 20
NAME: J20
NODE: 21
X: -0.299775
Y: 0.177941
Z: 0.495311
INLET NAME: IN20
OUTLET NAME: OUT20
--- 
JOINT: 21
NAME: J21
NODE: 22
X: -0.299684
Y: 0.044612
Z: 0.495509
INLET NAME: IN21
OUTLET NAME: OUT21
--- 
JOINT: 22
NAME: J22
NODE: 23
X: -0.299939
Y: -0.088713
Z: 0.495117
INLET NAME: IN22
OUTLET NAME: OUT22
--- 
JOINT: 23
NAME: J23
NODE: 24
X: -0.300076
Y: -0.222042
Z: 0.495078
INLET NAME: IN23
OUTLET NAME: OUT23
--- 
JOINT: 24
NAME: J24
NODE: 25
X: -0.300122
Y: -0.355373
Z: 0.495193
INLET NAME: IN24
OUTLET NAME: OUT24
--- 
JOINT: 25
NAME: J25
NODE: 26
X: -0.300328
Y: -0.488703
Z: 0.495404
INLET NAME: IN25
OUTLET NAME: OUT25
--- 
JOINT: 26
NAME: J26
NODE: 27
X: -0.299750
Y: -0.622032
Z: 0.495166
INLET NAME: IN26
OUTLET NAME: OUT26
--- 
JOINT: 27
NAME: J27
NODE: 28
X: -0.299800
Y: -0.755359
Z: 0.495408
INLET NAME: IN27
OUTLET NAME: OUT27
--- 
JOINT: 28
NAME: J28
NODE: 29
X: -0.299906
Y: -0.888687
Z: 0.495280
INLET NAME: IN28
OUTLET NAME: OUT28
--- 
JOINT: 29
NAME: J29
NODE: 30
X: -0.300217
Y: -1.022022
Z: 0.495174
INLET NAME: IN29
OUTLET NAME: OUT29
--- 
JOINT: 30
NAME: J30
NODE: 31
X: -0.300155
Y: -1.155348
Z: 0.495249
INLET NAME: IN30
OUTLET NAME: OUT30
--- 
JOINT: 31
NAME: J31
NODE: 32
X: -0.299848
Y: -1.288678
Z: 0.495060
INLET NAME: IN31
OUTLET NAME: OUT31
--- 
JOINT: 32
NAME: J32
NODE: 33
X: -0.300252
Y: -1.422005
Z: 0.495345
INLET NAME: IN32
OUTLET NAME: OUT32
--- 
JOINT: 33
NAME: J33
NODE: 34
X: -0.300206
Y: -1.555331
Z: 0.494948
INLET NAME: IN33
OUTLET NAME: OUT33
--- 
JOINT: 34
NAME: J34
NODE: 35
X: -0.299984
Y: -1.688664
Z: 0.495178
INLET NAME: IN34
OUTLET NAME: OUT34
--- 
JOINT: 35
NAME: J35
NODE: 36
X: -0.301431
Y: -1.816878
Z: 0.524573
INLET NAME: IN35
OUTLET NAME: OUT35
--- 
JOINT: 36
NAME: J36
NODE: 37
X: -0.300148
Y: -1.944242
Z: 0.550018
INLET NAME: IN36
OUTLET NAME: OUT36
--- 
JOINT: 37
NAME: J37
NODE: 38
X: -0.299959
Y: -2.077579
Z: 0.549908
INLET NAME: IN37
OUTLET NAME: OUT37
--- 
JOINT: 38
NAME: J38
NODE: 39
X: -0.299866
Y: -2.210916
Z: 0.549948
INLET NAME: IN38
OUTLET NAME: OUT38
--- 
JOINT: 39
NAME: J39
NODE: 40
X: -0.299955
Y: -2.344254
Z: 0.549976
INLET NAME: IN39
OUTLET NAME: OUT39
--- 
JOINT: 40
NAME: J40
NODE: 41
X: -0.299972
Y: -2.477591
Z: 0.550017
INLET NAME: IN40
OUTLET NAME: OUT40
--- 
JOINT: 41
NAME: J41
NODE: 42
X: -0.300000
Y: -2.610928
Z: 0.550186
INLET NAME: IN41
OUTLET NAME: OUT41
--- 
JOINT: 42
NAME: J42
NODE: 43
X: -0.300048
Y: -2.744265
Z: 0.550100
INLET NAME: IN42
OUTLET NAME: OUT42
--- 
JOINT: 43
NAME: J43
NODE: 44
X: -0.300079
Y: -2.877594
Z: 0.548995
INLET NAME: IN43
OUTLET NAME: OUT43
--- 
JOINT: 44
NAME: J44
NODE: 45
X: -0.300051
Y: -3.010924
Z: 0.549586
INLET NAME: IN44
OUTLET NAME: OUT44
--- 
JOINT: 45
NAME: J45
NODE: 46
X: -0.300047
Y: -3.144263
Z: 0.549535
INLET NAME: IN45
OUTLET NAME: OUT45
--- 
JOINT: 46
NAME: J46
NODE: 47
X: -0.299985
Y: -3.277602
Z: 0.549586
INLET NAME: IN46
OUTLET NAME: OUT46
--- 
JOINT: 47
NAME: J47
NODE: 48
X: -0.279915
Y: -3.408658
Z: 0.549589
INLET NAME: IN47
OUTLET NAME: OUT47
--- 
JOINT: 48
NAME: J48
NODE: 49
X: -0.210802
Y: -3.521579
Z: 0.549691
INLET NAME: IN48
OUTLET NAME: OUT48
--- 
JOINT: 49
NAME: J49
NODE: 50
X: -0.102422
Y: -3.597507
Z: 0.549683
INLET NAME: IN49
OUTLET NAME: OUT49
--- 
JOINT: 50
NAME: J50
NODE: 51
X: 0.027344
Y: -3.624047
Z: 0.549708
INLET NAME: IN50
OUTLET NAME: OUT50
--- 
JOINT: 51
NAME: J51
NODE: 52
X: 0.156632
Y: -3.595721
Z: 0.549942
INLET NAME: IN51
OUTLET NAME: OUT51
--- 
JOINT: 52
NAME: J52
NODE: 53
X: 0.264238
Y: -3.518580
Z: 0.550001
INLET NAME: IN52
OUTLET NAME: OUT52
--- 
JOINT: 53
NAME: J53
NODE: 54
X: 0.331172
Y: -3.404361
Z: 0.550089
INLET NAME: IN53
OUTLET NAME: OUT53
--- 
JOINT: 54
NAME: J54
NODE: 55
X: 0.349773
Y: -3.273079
Z: 0.549988
INLET NAME: IN54
OUTLET NAME: OUT54
--- 
JOINT: 55
NAME: J55
NODE: 56
X: 0.348783
Y: -3.139744
Z: 0.549750
INLET NAME: IN55
OUTLET NAME: OUT55
--- 
JOINT: 56
NAME: J56
NODE: 57
X: 0.347890
Y: -3.006409
Z: 0.549484
INLET NAME: IN56
OUTLET NAME: OUT56
--- 
JOINT: 57
NAME: J57
NODE: 58
X: 0.346873
Y: -2.873075
Z: 0.549351
INLET NAME: IN57
OUTLET NAME: OUT57
--- 
JOINT: 58
NAME: J58
NODE: 59
X: 0.346981
Y: -2.739746
Z: 0.549866
INLET NAME: IN58
OUTLET NAME: OUT58
--- 
JOINT: 59
NAME: J59
NODE: 60
X: 0.349996
Y: -2.606598
Z: 0.550000
INLET NAME: IN59
OUTLET NAME: OUT59
--- 
JOINT: 60
NAME: J60
NODE: 61
X: 0.349968
Y: -2.473259
Z: 0.549973
INLET NAME: IN60
OUTLET NAME: OUT60
--- 
JOINT: 61
NAME: J61
NODE: 62
X: 0.349969
Y: -2.339921
Z: 0.550017
INLET NAME: IN61
OUTLET NAME: OUT61
--- 
JOINT: 62
NAME: J62
NODE: 63
X: 0.349949
Y: -2.206584
Z: 0.550015
INLET NAME: IN62
OUTLET NAME: OUT62
--- 
JOINT: 63
NAME: J63
NODE: 64
X: 0.350017
Y: -2.073246
Z: 0.550070
INLET NAME: IN63
OUTLET NAME: OUT63
--- 
JOINT: 64
NAME: J64
NODE: 65
X: 0.349920
Y: -1.939908
Z: 0.549980
INLET NAME: IN64
OUTLET NAME: OUT64
--- 
JOINT: 65
NAME: J65
NODE: 66
X: 0.350893
Y: -1.820092
Z: 0.495222
INLET NAME: IN65
OUTLET NAME: OUT65
--- 
JOINT: 66
NAME: J66
NODE: 67
X: 0.349910
Y: -1.689342
Z: 0.475224
INLET NAME: IN66
OUTLET NAME: OUT66
--- 
JOINT: 67
NAME: J67
NODE: 68
X: 0.349911
Y: -1.556006
Z: 0.475130
INLET NAME: IN67
OUTLET NAME: OUT67
--- 
JOINT: 68
NAME: J68
NODE: 69
X: 0.350058
Y: -1.422671
Z: 0.474965
INLET NAME: IN68
OUTLET NAME: OUT68
--- 
JOINT: 69
NAME: J69
NODE: 70
X: 0.349965
Y: -1.289335
Z: 0.475297
INLET NAME: IN69
OUTLET NAME: OUT69
--- 
JOINT: 70
NAME: J70
NODE: 71
X: 0.349959
Y: -1.156000
Z: 0.475027
INLET NAME: IN70
OUTLET NAME: OUT70
--- 
JOINT: 71
NAME: J71
NODE: 72
X: 0.349965
Y: -1.022666
Z: 0.474905
INLET NAME: IN71
OUTLET NAME: OUT71
--- 
JOINT: 72
NAME: J72
NODE: 73
X: 0.350042
Y: -0.889330
Z: 0.474979
INLET NAME: IN72
OUTLET NAME: OUT72
--- 
JOINT: 73
NAME: J73
NODE: 74
X: 0.349911
Y: -0.755994
Z: 0.474977
INLET NAME: IN73
OUTLET NAME: OUT73
--- 
JOINT: 74
NAME: J74
NODE: 75
X: 0.349753
Y: -0.622662
Z: 0.475085
INLET NAME: IN74
OUTLET NAME: OUT74
--- 
JOINT: 75
NAME: J75
NODE: 76
X: 0.349935
Y: -0.489328
Z: 0.474923
INLET NAME: IN75
OUTLET NAME: OUT75
--- 
JOINT: 76
NAME: J76
NODE: 77
X: 0.349970
Y: -0.355993
Z: 0.474902
INLET NAME: IN76
OUTLET NAME: OUT76
--- 
JOINT: 77
NAME: J77
NODE: 78
X: 0.350013
Y: -0.222661
Z: 0.474957
INLET NAME: IN77
OUTLET NAME: OUT77
--- 
JOINT: 78
NAME: J78
NODE: 79
X: 0.349925
Y: -0.089325
Z: 0.474905
INLET NAME: IN78
OUTLET NAME: OUT78
--- 
JOINT: 79
NAME: J79
NODE: 80
X: 0.349754
Y: 0.044011
Z: 0.475007
INLET NAME: IN79
OUTLET NAME: OUT79
--- 
JOINT: 80
NAME: J80
NODE: 81
X: 0.349962
Y: 0.177344
Z: 0.474999
INLET NAME: IN80
OUTLET NAME: OUT80
--- 
JOINT: 81
NAME: J81
NODE: 82
X: 0.349848
Y: 0.310678
Z: 0.475181
INLET NAME: IN81
OUTLET NAME: OUT81
--- 
JOINT: 82
NAME: J82
NODE: 83
X: 0.350076
Y: 0.444013
Z: 0.474859
INLET NAME: IN82
OUTLET NAME: OUT82
--- 
JOINT: 83
NAME: J83
NODE: 84
X: 0.349928
Y: 0.577348
Z: 0.474883
INLET NAME: IN83
OUTLET NAME: OUT83
--- 
JOINT: 84
NAME: J84
NODE: 85
X: 0.349952
Y: 0.710684
Z: 0.475189
INLET NAME: IN84
OUTLET NAME: OUT84
--- 
JOINT: 85
NAME: J85
NODE: 86
X: 0.350107
Y: 0.844021
Z: 0.475055
INLET NAME: IN85
OUTLET NAME: OUT85
--- 
JOINT: 86
NAME: J86
NODE: 87
X: 0.349785
Y: 0.977356
Z: 0.474993
INLET NAME: IN86
OUTLET NAME: OUT86
--- 
JOINT: 87
NAME: J87
NODE: 88
X: 0.349852
Y: 1.110688
Z: 0.475079
INLET NAME: IN87
OUTLET NAME: OUT87
--- 
JOINT: 88
NAME: J88
NODE: 89
X: 0.349933
Y: 1.244023
Z: 0.474894
INLET NAME: IN88
OUTLET NAME: OUT88
--- 
JOINT: 89
NAME: J89
NODE: 90
X: 0.349842
Y: 1.377357
Z: 0.475090
INLET NAME: IN89
OUTLET NAME: OUT89
--- 
JOINT: 90
NAME: J90
NODE: 91
X: 0.350124
Y: 1.510692
Z: 0.475006
INLET NAME: IN90
OUTLET NAME: OUT90
--- 
JOINT: 91
NAME: J91
NODE: 92
X: 0.349855
Y: 1.644027
Z: 0.475094
INLET NAME: IN91
OUTLET NAME: OUT91
--- 
JOINT: 92
NAME: J92
NODE: 93
X: 0.349972
Y: 1.777362
Z: 0.475092
INLET NAME: IN92
OUTLET NAME: OUT92
--- 
JOINT: 93
NAME: J93
NODE: 94
X: 0.350007
Y: 1.910691
Z: 0.474951
INLET NAME: IN93
OUTLET NAME: OUT93
--- 
JOINT: 94
NAME: J94
NODE: 95
X: 0.350008
Y: 2.044027
Z: 0.475066
INLET NAME: IN94
OUTLET NAME: OUT94
--- 
JOINT: 95
NAME: J95
NODE: 96
X: 0.349990
Y: 2.177363
Z: 0.474967
INLET NAME: IN95
OUTLET NAME: OUT95
--- 
JOINT: 96
NAME: J96
NODE: 97
X: 0.349843
Y: 2.310694
Z: 0.474890
INLET NAME: IN96
OUTLET NAME: OUT96
--- 
JOINT: 97
NAME: J97
NODE: 98
X: 0.349943
Y: 2.444027
Z: 0.475003
INLET NAME: IN97
OUTLET NAME: OUT97
--- 
JOINT: 98
NAME: J98
NODE: 99
X: 0.349920
Y: 2.577365
Z: 0.475044
INLET NAME: IN98
OUTLET NAME: OUT98
--- 
SEGMENT DATA
--- 
SEGMENT N.: 0
NAME: branch0_seg0
ID: 0
LENGTH: 0.133340
NUM ELEMENTS: 5
IN NODE: 0
OUT NODE: 1
IN AREA: 0.011784
OUT AREA: 0.014361
IN FLOW: 0.000000
MAT DATATABLE NAME: MAT1
LOSS TYPE: NONE
BRANCH ANGLE: 0.000000
UPSTREAM SEGMENT: 0
BRANCH SEGMENT: 0
BOUNDARY CONDITIONS TYPE: NOBOUND
INLET DATA TABLE: NONE
--- 
SEGMENT N.: 1
NAME: branch0_seg1
ID: 1
LENGTH: 0.133340
NUM ELEMENTS: 5
IN NODE: 1
OUT NODE: 2
IN AREA: 0.014371
OUT AREA: 0.014281
IN FLOW: 0.000000
MAT DATATABLE NAME: MAT1
LOSS TYPE: STENOSIS
BRANCH ANGLE: 0.000000
UPSTREAM SEGMENT: 0
BRANCH SEGMENT: 0
BOUNDARY CONDITIONS TYPE: NOBOUND
INLET DATA TABLE: NONE
--- 
SEGMENT N.: 2
NAME: branch0_seg2
ID: 2
LENGTH: 0.133340
NUM ELEMENTS: 5
IN NODE: 2
OUT NODE: 3
IN AREA: 0.014309
OUT AREA: 0.014346
IN FLOW: 0.000000
MAT DATATABLE NAME: MAT1
LOSS TYPE: STENOSIS
BRANCH ANGLE: 0.000000
UPSTREAM SEGMENT: 1
BRANCH SEGMENT: 0
BOUNDARY CONDITIONS TYPE: NOBOUND
INLET DATA TABLE: NONE
--- 
SEGMENT N.: 3
NAME: branch0_seg3
ID: 3
LENGTH: 0.133340
NUM ELEMENTS: 5
IN NODE: 3
OUT NODE: 4
IN AREA: 0.014346
OUT AREA: 0.014357
IN FLOW: 0.000000
MAT DATATABLE NAME: MAT1
LOSS TYPE: STENOSIS
BRANCH ANGLE: 0.000000
UPSTREAM SEGMENT: 2
BRANCH SEGMENT: 0
BOUNDARY CONDITIONS TYPE: NOBOUND
INLET DATA TABLE: NONE
--- 
SEGMENT N.: 4
NAME: branch0_seg4
ID: 4
LENGTH: 0.133340
NUM ELEMENTS: 5
IN NODE: 4
OUT NODE: 5
IN AREA: 0.014350
OUT AREA: 0.014358
IN FLOW: 0.000000
MAT DATATABLE NAME: MAT1
LOSS TYPE: STENOSIS
BRANCH ANGLE: 0.000000
UPSTREAM SEGMENT: 3
BRANCH SEGMENT: 0
BOUNDARY CONDITIONS TYPE: NOBOUND
INLET DATA TABLE: NONE
--- 
SEGMENT N.: 5
NAME: branch0_seg5
ID: 5
LENGTH: 0.133340
NUM ELEMENTS: 5
IN NODE: 5
OUT NODE: 6
IN AREA: 0.014378
OUT AREA: 0.014313
IN FLOW: 0.000000
MAT DATATABLE NAME: MAT1
LOSS TYPE: STENOSIS
BRANCH ANGLE: 0.000000
UPSTREAM SEGMENT: 4
BRANCH SEGMENT: 0
BOUNDARY CONDITIONS TYPE: NOBOUND
INLET DATA TABLE: NONE
--- 
SEGMENT N.: 6
NAME: branch0_seg6
ID: 6
LENGTH: 0.133340
NUM ELEMENTS: 5
IN NODE: 6
OUT NODE: 7
IN AREA: 0.014312
OUT AREA: 0.014322
IN FLOW: 0.000000
MAT DATATABLE NAME: MAT1
LOSS TYPE: STENOSIS
BRANCH ANGLE: 0.000000
UPSTREAM SEGMENT: 5
BRANCH SEGMENT: 0
BOUNDARY CONDITIONS TYPE: NOBOUND
INLET DATA TABLE: NONE
--- 
SEGMENT N.: 7
NAME: branch0_seg7
ID: 7
LENGTH: 0.133340
NUM ELEMENTS: 5
IN NODE: 7
OUT NODE: 8
IN AREA: 0.014322
OUT AREA: 0.014350
IN FLOW: 0.000000
MAT DATATABLE NAME: MAT1
LOSS TYPE: STENOSIS
BRANCH ANGLE: 0.000000
UPSTREAM SEGMENT: 6
BRANCH SEGMENT: 0
BOUNDARY CONDITIONS TYPE: NOBOUND
INLET DATA TABLE: NONE
--- 
SEGMENT N.: 8
NAME: branch0_seg8
ID: 8
LENGTH: 0.133340
NUM ELEMENTS: 5
IN NODE: 8
OUT NODE: 9
IN AREA: 0.014342
OUT AREA: 0.014377
IN FLOW: 0.000000
MAT DATATABLE NAME: MAT1
LOSS TYPE: STENOSIS
BRANCH ANGLE: 0.000000
UPSTREAM SEGMENT: 7
BRANCH SEGMENT: 0
BOUNDARY CONDITIONS TYPE: NOBOUND
INLET DATA TABLE: NONE
--- 
SEGMENT N.: 9
NAME: branch0_seg9
ID: 9
LENGTH: 0.133340
NUM ELEMENTS: 5
IN NODE: 9
OUT NODE: 10
IN AREA: 0.014376
OUT AREA: 0.014343
IN FLOW: 0.000000
MAT DATATABLE NAME: MAT1
LOSS TYPE: STENOSIS
BRANCH ANGLE: 0.000000
UPSTREAM SEGMENT: 8
BRANCH SEGMENT: 0
BOUNDARY CONDITIONS TYPE: NOBOUND
INLET DATA TABLE: NONE
--- 
SEGMENT N.: 10
NAME: branch0_seg10
ID: 10
LENGTH: 0.133340
NUM ELEMENTS: 5
IN NODE: 10
OUT NODE: 11
IN AREA: 0.014341
OUT AREA: 0.014343
IN FLOW: 0.000000
MAT DATATABLE NAME: MAT1
LOSS TYPE: STENOSIS
BRANCH ANGLE: 0.000000
UPSTREAM SEGMENT: 9
BRANCH SEGMENT: 0
BOUNDARY CONDITIONS TYPE: NOBOUND
INLET DATA TABLE: NONE
--- 
SEGMENT N.: 11
NAME: branch0_seg11
ID: 11
LENGTH: 0.133340
NUM ELEMENTS: 5
IN NODE: 11
OUT NODE: 12
IN AREA: 0.014358
OUT AREA: 0.014370
IN FLOW: 0.000000
MAT DATATABLE NAME: MAT1
LOSS TYPE: STENOSIS
BRANCH ANGLE: 0.000000
UPSTREAM SEGMENT: 10
BRANCH SEGMENT: 0
BOUNDARY CONDITIONS TYPE: NOBOUND
INLET DATA TABLE: NONE
--- 
SEGMENT N.: 12
NAME: branch0_seg12
ID: 12
LENGTH: 0.133340
NUM ELEMENTS: 5
IN NODE: 12
OUT NODE: 13
IN AREA: 0.014374
OUT AREA: 0.014372
IN FLOW: 0.000000
MAT DATATABLE NAME: MAT1
LOSS TYPE: STENOSIS
BRANCH ANGLE: 0.000000
UPSTREAM SEGMENT: 11
BRANCH SEGMENT: 0
BOUNDARY CONDITIONS TYPE: NOBOUND
INLET DATA TABLE: NONE
--- 
SEGMENT N.: 13
NAME: branch0_seg13
ID: 13
LENGTH: 0.133340
NUM ELEMENTS: 5
IN NODE: 13
OUT NODE: 14
IN AREA: 0.014371
OUT AREA: 0.014331
IN FLOW: 0.000000
MAT DATATABLE NAME: MAT1
LOSS TYPE: STENOSIS
BRANCH ANGLE: 0.000000
UPSTREAM SEGMENT: 12
BRANCH SEGMENT: 0
BOUNDARY CONDITIONS TYPE: NOBOUND
INLET DATA TABLE: NONE
--- 
SEGMENT N.: 14
NAME: branch0_seg14
ID: 14
LENGTH: 0.133340
NUM ELEMENTS: 5
IN NODE: 14
OUT NODE: 15
IN AREA: 0.014341
OUT AREA: 0.014317
IN FLOW: 0.000000
MAT DATATABLE NAME: MAT1
LOSS TYPE: STENOSIS
BRANCH ANGLE: 0.000000
UPSTREAM SEGMENT: 13
BRANCH SEGMENT: 0
BOUNDARY CONDITIONS TYPE: NOBOUND
INLET DATA TABLE: NONE
--- 
SEGMENT N.: 15
NAME: branch0_seg15
ID: 15
LENGTH: 0.133340
NUM ELEMENTS: 5
IN NODE: 15
OUT NODE: 16
IN AREA: 0.014307
OUT AREA: 0.014237
IN FLOW: 0.000000
MAT DATATABLE NAME: MAT1
LOSS TYPE: STENOSIS
BRANCH ANGLE: 0.000000
UPSTREAM SEGMENT: 14
BRANCH SEGMENT: 0
BOUNDARY CONDITIONS TYPE: NOBOUND
INLET DATA TABLE: NONE
--- 
SEGMENT N.: 16
NAME: branch0_seg16
ID: 16
LENGTH: 0.133340
NUM ELEMENTS: 5
IN NODE: 16
OUT NODE: 17
IN AREA: 0.014240
OUT AREA: 0.014347
IN FLOW: 0.000000
MAT DATATABLE NAME: MAT1
LOSS TYPE: STENOSIS
BRANCH ANGLE: 0.000000
UPSTREAM SEGMENT: 15
BRANCH SEGMENT: 0
BOUNDARY CONDITIONS TYPE: NOBOUND
INLET DATA TABLE: NONE
--- 
SEGMENT N.: 17
NAME: branch0_seg17
ID: 17
LENGTH: 0.133340
NUM ELEMENTS: 5
IN NODE: 17
OUT NODE: 18
IN AREA: 0.014340
OUT AREA: 0.014334
IN FLOW: 0.000000
MAT DATATABLE NAME: MAT1
LOSS TYPE: STENOSIS
BRANCH ANGLE: 0.000000
UPSTREAM SEGMENT: 16
BRANCH SEGMENT: 0
BOUNDARY CONDITIONS TYPE: NOBOUND
INLET DATA TABLE: NONE
--- 
SEGMENT N.: 18
NAME: branch0_seg18
ID: 18
LENGTH: 0.133340
NUM ELEMENTS: 5
IN NODE: 18
OUT NODE: 19
IN AREA: 0.014338
OUT AREA: 0.014318
IN FLOW: 0.000000
MAT DATATABLE NAME: MAT1
LOSS TYPE: STENOSIS
BRANCH ANGLE: 0.000000
UPSTREAM SEGMENT: 17
BRANCH SEGMENT: 0
BOUNDARY CONDITIONS TYPE: NOBOUND
INLET DATA TABLE: NONE
--- 
SEGMENT N.: 19
NAME: branch0_seg19
ID: 19
LENGTH: 0.133340
NUM ELEMENTS: 5
IN NODE: 19
OUT NODE: 20
IN AREA: 0.014312
OUT AREA: 0.014344
IN FLOW: 0.000000
MAT DATATABLE NAME: MAT1
LOSS TYPE: STENOSIS
BRANCH ANGLE: 0.000000
UPSTREAM SEGMENT: 18
BRANCH SEGMENT: 0
BOUNDARY CONDITIONS TYPE: NOBOUND
INLET DATA TABLE: NONE
--- 
SEGMENT N.: 20
NAME: branch0_seg20
ID: 20
LENGTH: 0.133340
NUM ELEMENTS: 5
IN NODE: 20
OUT NODE: 21
IN AREA: 0.014334
OUT AREA: 0.014301
IN FLOW: 0.000000
MAT DATATABLE NAME: MAT1
LOSS TYPE: STENOSIS
BRANCH ANGLE: 0.000000
UPSTREAM SEGMENT: 19
BRANCH SEGMENT: 0
BOUNDARY CONDITIONS TYPE: NOBOUND
INLET DATA TABLE: NONE
--- 
SEGMENT N.: 21
NAME: branch0_seg21
ID: 21
LENGTH: 0.133340
NUM ELEMENTS: 5
IN NODE: 21
OUT NODE: 22
IN AREA: 0.014295
OUT AREA: 0.014298
IN FLOW: 0.000000
MAT DATATABLE NAME: MAT1
LOSS TYPE: STENOSIS
BRANCH ANGLE: 0.000000
UPSTREAM SEGMENT: 20
BRANCH SEGMENT: 0
BOUNDARY CONDITIONS TYPE: NOBOUND
INLET DATA TABLE: NONE
--- 
SEGMENT N.: 22
NAME: branch0_seg22
ID: 22
LENGTH: 0.133340
NUM ELEMENTS: 5
IN NODE: 22
OUT NODE: 23
IN AREA: 0.014287
OUT AREA: 0.014362
IN FLOW: 0.000000
MAT DATATABLE NAME: MAT1
LOSS TYPE: STENOSIS
BRANCH ANGLE: 0.000000
UPSTREAM SEGMENT: 21
BRANCH SEGMENT: 0
BOUNDARY CONDITIONS TYPE: NOBOUND
INLET DATA TABLE: NONE
--- 
SEGMENT N.: 23
NAME: branch0_seg23
ID: 23
LENGTH: 0.133340
NUM ELEMENTS: 5
IN NODE: 23
OUT NODE: 24
IN AREA: 0.014380
OUT AREA: 0.014374
IN FLOW: 0.000000
MAT DATATABLE NAME: MAT1
LOSS TYPE: STENOSIS
BRANCH ANGLE: 0.000000
UPSTREAM SEGMENT: 22
BRANCH SEGMENT: 0
BOUNDARY CONDITIONS TYPE: NOBOUND
INLET DATA TABLE: NONE
--- 
SEGMENT N.: 24
NAME: branch0_seg24
ID: 24
LENGTH: 0.133340
NUM ELEMENTS: 5
IN NODE: 24
OUT NODE: 25
IN AREA: 0.014372
OUT AREA: 0.014323
IN FLOW: 0.000000
MAT DATATABLE NAME: MAT1
LOSS TYPE: STENOSIS
BRANCH ANGLE: 0.000000
UPSTREAM SEGMENT: 23
BRANCH SEGMENT: 0
BOUNDARY CONDITIONS TYPE: NOBOUND
INLET DATA TABLE: NONE
--- 
SEGMENT N.: 25
NAME: branch0_seg25
ID: 25
LENGTH: 0.133340
NUM ELEMENTS: 5
IN NODE: 25
OUT NODE: 26
IN AREA: 0.014313
OUT AREA: 0.014347
IN FLOW: 0.000000
MAT DATATABLE NAME: MAT1
LOSS TYPE: STENOSIS
BRANCH ANGLE: 0.000000
UPSTREAM SEGMENT: 24
BRANCH SEGMENT: 0
BOUNDARY CONDITIONS TYPE: NOBOUND
INLET DATA TABLE: NONE
--- 
SEGMENT N.: 26
NAME: branch0_seg26
ID: 26
LENGTH: 0.133340
NUM ELEMENTS: 5
IN NODE: 26
OUT NODE: 27
IN AREA: 0.014350
OUT AREA: 0.014290
IN FLOW: 0.000000
MAT DATATABLE NAME: MAT1
LOSS TYPE: STENOSIS
BRANCH ANGLE: 0.000000
UPSTREAM SEGMENT: 25
BRANCH SEGMENT: 0
BOUNDARY CONDITIONS TYPE: NOBOUND
INLET DATA TABLE: NONE
--- 
SEGMENT N.: 27
NAME: branch0_seg27
ID: 27
LENGTH: 0.133340
NUM ELEMENTS: 5
IN NODE: 27
OUT NODE: 28
IN AREA: 0.014289
OUT AREA: 0.014314
IN FLOW: 0.000000
MAT DATATABLE NAME: MAT1
LOSS TYPE: STENOSIS
BRANCH ANGLE: 0.000000
UPSTREAM SEGMENT: 26
BRANCH SEGMENT: 0
BOUNDARY CONDITIONS TYPE: NOBOUND
INLET DATA TABLE: NONE
--- 
SEGMENT N.: 28
NAME: branch0_seg28
ID: 28
LENGTH: 0.133340
NUM ELEMENTS: 5
IN NODE: 28
OUT NODE: 29
IN AREA: 0.014327
OUT AREA: 0.014391
IN FLOW: 0.000000
MAT DATATABLE NAME: MAT1
LOSS TYPE: STENOSIS
BRANCH ANGLE: 0.000000
UPSTREAM SEGMENT: 27
BRANCH SEGMENT: 0
BOUNDARY CONDITIONS TYPE: NOBOUND
INLET DATA TABLE: NONE
--- 
SEGMENT N.: 29
NAME: branch0_seg29
ID: 29
LENGTH: 0.133340
NUM ELEMENTS: 5
IN NODE: 29
OUT NODE: 30
IN AREA: 0.014375
OUT AREA: 0.014377
IN FLOW: 0.000000
MAT DATATABLE NAME: MAT1
LOSS TYPE: STENOSIS
BRANCH ANGLE: 0.000000
UPSTREAM SEGMENT: 28
BRANCH SEGMENT: 0
BOUNDARY CONDITIONS TYPE: NOBOUND
INLET DATA TABLE: NONE
--- 
SEGMENT N.: 30
NAME: branch0_seg30
ID: 30
LENGTH: 0.133340
NUM ELEMENTS: 5
IN NODE: 30
OUT NODE: 31
IN AREA: 0.014362
OUT AREA: 0.014364
IN FLOW: 0.000000
MAT DATATABLE NAME: MAT1
LOSS TYPE: STENOSIS
BRANCH ANGLE: 0.000000
UPSTREAM SEGMENT: 29
BRANCH SEGMENT: 0
BOUNDARY CONDITIONS TYPE: NOBOUND
INLET DATA TABLE: NONE
--- 
SEGMENT N.: 31
NAME: branch0_seg31
ID: 31
LENGTH: 0.133340
NUM ELEMENTS: 5
IN NODE: 31
OUT NODE: 32
IN AREA: 0.014379
OUT AREA: 0.014366
IN FLOW: 0.000000
MAT DATATABLE NAME: MAT1
LOSS TYPE: STENOSIS
BRANCH ANGLE: 0.000000
UPSTREAM SEGMENT: 30
BRANCH SEGMENT: 0
BOUNDARY CONDITIONS TYPE: NOBOUND
INLET DATA TABLE: NONE
--- 
SEGMENT N.: 32
NAME: branch0_seg32
ID: 32
LENGTH: 0.133340
NUM ELEMENTS: 5
IN NODE: 32
OUT NODE: 33
IN AREA: 0.014367
OUT AREA: 0.014290
IN FLOW: 0.000000
MAT DATATABLE NAME: MAT1
LOSS TYPE: STENOSIS
BRANCH ANGLE: 0.000000
UPSTREAM SEGMENT: 31
BRANCH SEGMENT: 0
BOUNDARY CONDITIONS TYPE: NOBOUND
INLET DATA TABLE: NONE
--- 
SEGMENT N.: 33
NAME: branch0_seg33
ID: 33
LENGTH: 0.133340
NUM ELEMENTS: 5
IN NODE: 33
OUT NODE: 34
IN AREA: 0.014287
OUT AREA: 0.014470
IN FLOW: 0.000000
MAT DATATABLE NAME: MAT1
LOSS TYPE: STENOSIS
BRANCH ANGLE: 0.000000
UPSTREAM SEGMENT: 32
BRANCH SEGMENT: 0
BOUNDARY CONDITIONS TYPE: NOBOUND
INLET DATA TABLE: NONE
--- 
SEGMENT N.: 34
NAME: branch0_seg34
ID: 34
LENGTH: 0.133340
NUM ELEMENTS: 5
IN NODE: 34
OUT NODE: 35
IN AREA: 0.014478
OUT AREA: 0.044971
IN FLOW: 0.000000
MAT DATATABLE NAME: MAT1
LOSS TYPE: STENOSIS
BRANCH ANGLE: 0.000000
UPSTREAM SEGMENT: 33
BRANCH SEGMENT: 0
BOUNDARY CONDITIONS TYPE: NOBOUND
INLET DATA TABLE: NONE
--- 
SEGMENT N.: 35
NAME: branch0_seg35
ID: 35
LENGTH: 0.133340
NUM ELEMENTS: 5
IN NODE: 35
OUT NODE: 36
IN AREA: 0.052230
OUT AREA: 0.048516
IN FLOW: 0.000000
MAT DATATABLE NAME: MAT1
LOSS TYPE: STENOSIS
BRANCH ANGLE: 0.000000
UPSTREAM SEGMENT: 34
BRANCH SEGMENT: 0
BOUNDARY CONDITIONS TYPE: NOBOUND
INLET DATA TABLE: NONE
--- 
SEGMENT N.: 36
NAME: branch0_seg36
ID: 36
LENGTH: 0.133340
NUM ELEMENTS: 5
IN NODE: 36
OUT NODE: 37
IN AREA: 0.048526
OUT AREA: 0.049303
IN FLOW: 0.000000
MAT DATATABLE NAME: MAT1
LOSS TYPE: STENOSIS
BRANCH ANGLE: 0.000000
UPSTREAM SEGMENT: 35
BRANCH SEGMENT: 0
BOUNDARY CONDITIONS TYPE: NOBOUND
INLET DATA TABLE: NONE
--- 
SEGMENT N.: 37
NAME: branch0_seg37
ID: 37
LENGTH: 0.133340
NUM ELEMENTS: 5
IN NODE: 37
OUT NODE: 38
IN AREA: 0.049343
OUT AREA: 0.050342
IN FLOW: 0.000000
MAT DATATABLE NAME: MAT1
LOSS TYPE: STENOSIS
BRANCH ANGLE: 0.000000
UPSTREAM SEGMENT: 36
BRANCH SEGMENT: 0
BOUNDARY CONDITIONS TYPE: NOBOUND
INLET DATA TABLE: NONE
--- 
SEGMENT N.: 38
NAME: branch0_seg38
ID: 38
LENGTH: 0.133340
NUM ELEMENTS: 5
IN NODE: 38
OUT NODE: 39
IN AREA: 0.050353
OUT AREA: 0.051209
IN FLOW: 0.000000
MAT DATATABLE NAME: MAT1
LOSS TYPE: STENOSIS
BRANCH ANGLE: 0.000000
UPSTREAM SEGMENT: 37
BRANCH SEGMENT: 0
BOUNDARY CONDITIONS TYPE: NOBOUND
INLET DATA TABLE: NONE
--- 
SEGMENT N.: 39
NAME: branch0_seg39
ID: 39
LENGTH: 0.133340
NUM ELEMENTS: 5
IN NODE: 39
OUT NODE: 40
IN AREA: 0.051230
OUT AREA: 0.052207
IN FLOW: 0.000000
MAT DATATABLE NAME: MAT1
LOSS TYPE: STENOSIS
BRANCH ANGLE: 0.000000
UPSTREAM SEGMENT: 38
BRANCH SEGMENT: 0
BOUNDARY CONDITIONS TYPE: NOBOUND
INLET DATA TABLE: NONE
--- 
SEGMENT N.: 40
NAME: branch0_seg40
ID: 40
LENGTH: 0.133340
NUM ELEMENTS: 5
IN NODE: 40
OUT NODE: 41
IN AREA: 0.052254
OUT AREA: 0.053129
IN FLOW: 0.000000
MAT DATATABLE NAME: MAT1
LOSS TYPE: STENOSIS
BRANCH ANGLE: 0.000000
UPSTREAM SEGMENT: 39
BRANCH SEGMENT: 0
BOUNDARY CONDITIONS TYPE: NOBOUND
INLET DATA TABLE: NONE
--- 
SEGMENT N.: 41
NAME: branch0_seg41
ID: 41
LENGTH: 0.133340
NUM ELEMENTS: 5
IN NODE: 41
OUT NODE: 42
IN AREA: 0.053159
OUT AREA: 0.054048
IN FLOW: 0.000000
MAT DATATABLE NAME: MAT1
LOSS TYPE: STENOSIS
BRANCH ANGLE: 0.000000
UPSTREAM SEGMENT: 40
BRANCH SEGMENT: 0
BOUNDARY CONDITIONS TYPE: NOBOUND
INLET DATA TABLE: NONE
--- 
SEGMENT N.: 42
NAME: branch0_seg42
ID: 42
LENGTH: 0.133340
NUM ELEMENTS: 5
IN NODE: 42
OUT NODE: 43
IN AREA: 0.054062
OUT AREA: 0.079003
IN FLOW: 0.000000
MAT DATATABLE NAME: MAT1
LOSS TYPE: STENOSIS
BRANCH ANGLE: 0.000000
UPSTREAM SEGMENT: 41
BRANCH SEGMENT: 0
BOUNDARY CONDITIONS TYPE: NOBOUND
INLET DATA TABLE: NONE
--- 
SEGMENT N.: 43
NAME: branch0_seg43
ID: 43
LENGTH: 0.133340
NUM ELEMENTS: 5
IN NODE: 43
OUT NODE: 44
IN AREA: 0.079044
OUT AREA: 0.079017
IN FLOW: 0.000000
MAT DATATABLE NAME: MAT1
LOSS TYPE: STENOSIS
BRANCH ANGLE: 0.000000
UPSTREAM SEGMENT: 42
BRANCH SEGMENT: 0
BOUNDARY CONDITIONS TYPE: NOBOUND
INLET DATA TABLE: NONE
--- 
SEGMENT N.: 44
NAME: branch0_seg44
ID: 44
LENGTH: 0.133340
NUM ELEMENTS: 5
IN NODE: 44
OUT NODE: 45
IN AREA: 0.079022
OUT AREA: 0.079075
IN FLOW: 0.000000
MAT DATATABLE NAME: MAT1
LOSS TYPE: STENOSIS
BRANCH ANGLE: 0.000000
UPSTREAM SEGMENT: 43
BRANCH SEGMENT: 0
BOUNDARY CONDITIONS TYPE: NOBOUND
INLET DATA TABLE: NONE
--- 
SEGMENT N.: 45
NAME: branch0_seg45
ID: 45
LENGTH: 0.133340
NUM ELEMENTS: 5
IN NODE: 45
OUT NODE: 46
IN AREA: 0.079076
OUT AREA: 0.079101
IN FLOW: 0.000000
MAT DATATABLE NAME: MAT1
LOSS TYPE: STENOSIS
BRANCH ANGLE: 0.000000
UPSTREAM SEGMENT: 44
BRANCH SEGMENT: 0
BOUNDARY CONDITIONS TYPE: NOBOUND
INLET DATA TABLE: NONE
--- 
SEGMENT N.: 46
NAME: branch0_seg46
ID: 46
LENGTH: 0.133340
NUM ELEMENTS: 5
IN NODE: 46
OUT NODE: 47
IN AREA: 0.079103
OUT AREA: 0.079125
IN FLOW: 0.000000
MAT DATATABLE NAME: MAT1
LOSS TYPE: STENOSIS
BRANCH ANGLE: 0.000000
UPSTREAM SEGMENT: 45
BRANCH SEGMENT: 0
BOUNDARY CONDITIONS TYPE: NOBOUND
INLET DATA TABLE: NONE
--- 
SEGMENT N.: 47
NAME: branch0_seg47
ID: 47
LENGTH: 0.133340
NUM ELEMENTS: 5
IN NODE: 47
OUT NODE: 48
IN AREA: 0.079141
OUT AREA: 0.079124
IN FLOW: 0.000000
MAT DATATABLE NAME: MAT1
LOSS TYPE: STENOSIS
BRANCH ANGLE: 0.000000
UPSTREAM SEGMENT: 46
BRANCH SEGMENT: 0
BOUNDARY CONDITIONS TYPE: NOBOUND
INLET DATA TABLE: NONE
--- 
SEGMENT N.: 48
NAME: branch0_seg48
ID: 48
LENGTH: 0.133340
NUM ELEMENTS: 5
IN NODE: 48
OUT NODE: 49
IN AREA: 0.079130
OUT AREA: 0.079162
IN FLOW: 0.000000
MAT DATATABLE NAME: MAT1
LOSS TYPE: STENOSIS
BRANCH ANGLE: 0.000000
UPSTREAM SEGMENT: 47
BRANCH SEGMENT: 0
BOUNDARY CONDITIONS TYPE: NOBOUND
INLET DATA TABLE: NONE
--- 
SEGMENT N.: 49
NAME: branch0_seg49
ID: 49
LENGTH: 0.133340
NUM ELEMENTS: 5
IN NODE: 49
OUT NODE: 50
IN AREA: 0.079154
OUT AREA: 0.079184
IN FLOW: 0.000000
MAT DATATABLE NAME: MAT1
LOSS TYPE: STENOSIS
BRANCH ANGLE: 0.000000
UPSTREAM SEGMENT: 48
BRANCH SEGMENT: 0
BOUNDARY CONDITIONS TYPE: NOBOUND
INLET DATA TABLE: NONE
--- 
SEGMENT N.: 50
NAME: branch0_seg50
ID: 50
LENGTH: 0.133340
NUM ELEMENTS: 5
IN NODE: 50
OUT NODE: 51
IN AREA: 0.079180
OUT AREA: 0.079118
IN FLOW: 0.000000
MAT DATATABLE NAME: MAT1
LOSS TYPE: STENOSIS
BRANCH ANGLE: 0.000000
UPSTREAM SEGMENT: 49
BRANCH SEGMENT: 0
BOUNDARY CONDITIONS TYPE: NOBOUND
INLET DATA TABLE: NONE
--- 
SEGMENT N.: 51
NAME: branch0_seg51
ID: 51
LENGTH: 0.133340
NUM ELEMENTS: 5
IN NODE: 51
OUT NODE: 52
IN AREA: 0.079116
OUT AREA: 0.079225
IN FLOW: 0.000000
MAT DATATABLE NAME: MAT1
LOSS TYPE: STENOSIS
BRANCH ANGLE: 0.000000
UPSTREAM SEGMENT: 50
BRANCH SEGMENT: 0
BOUNDARY CONDITIONS TYPE: NOBOUND
INLET DATA TABLE: NONE
--- 
SEGMENT N.: 52
NAME: branch0_seg52
ID: 52
LENGTH: 0.133340
NUM ELEMENTS: 5
IN NODE: 52
OUT NODE: 53
IN AREA: 0.079223
OUT AREA: 0.079143
IN FLOW: 0.000000
MAT DATATABLE NAME: MAT1
LOSS TYPE: STENOSIS
BRANCH ANGLE: 0.000000
UPSTREAM SEGMENT: 51
BRANCH SEGMENT: 0
BOUNDARY CONDITIONS TYPE: NOBOUND
INLET DATA TABLE: NONE
--- 
SEGMENT N.: 53
NAME: branch0_seg53
ID: 53
LENGTH: 0.133340
NUM ELEMENTS: 5
IN NODE: 53
OUT NODE: 54
IN AREA: 0.079150
OUT AREA: 0.079048
IN FLOW: 0.000000
MAT DATATABLE NAME: MAT1
LOSS TYPE: STENOSIS
BRANCH ANGLE: 0.000000
UPSTREAM SEGMENT: 52
BRANCH SEGMENT: 0
BOUNDARY CONDITIONS TYPE: NOBOUND
INLET DATA TABLE: NONE
--- 
SEGMENT N.: 54
NAME: branch0_seg54
ID: 54
LENGTH: 0.133340
NUM ELEMENTS: 5
IN NODE: 54
OUT NODE: 55
IN AREA: 0.079040
OUT AREA: 0.079012
IN FLOW: 0.000000
MAT DATATABLE NAME: MAT1
LOSS TYPE: STENOSIS
BRANCH ANGLE: 0.000000
UPSTREAM SEGMENT: 53
BRANCH SEGMENT: 0
BOUNDARY CONDITIONS TYPE: NOBOUND
INLET DATA TABLE: NONE
--- 
SEGMENT N.: 55
NAME: branch0_seg55
ID: 55
LENGTH: 0.133340
NUM ELEMENTS: 5
IN NODE: 55
OUT NODE: 56
IN AREA: 0.079018
OUT AREA: 0.079060
IN FLOW: 0.000000
MAT DATATABLE NAME: MAT1
LOSS TYPE: STENOSIS
BRANCH ANGLE: 0.000000
UPSTREAM SEGMENT: 54
BRANCH SEGMENT: 0
BOUNDARY CONDITIONS TYPE: NOBOUND
INLET DATA TABLE: NONE
--- 
SEGMENT N.: 56
NAME: branch0_seg56
ID: 56
LENGTH: 0.133340
NUM ELEMENTS: 5
IN NODE: 56
OUT NODE: 57
IN AREA: 0.079055
OUT AREA: 0.079060
IN FLOW: 0.000000
MAT DATATABLE NAME: MAT1
LOSS TYPE: STENOSIS
BRANCH ANGLE: 0.000000
UPSTREAM SEGMENT: 55
BRANCH SEGMENT: 0
BOUNDARY CONDITIONS TYPE: NOBOUND
INLET DATA TABLE: NONE
--- 
SEGMENT N.: 57
NAME: branch0_seg57
ID: 57
LENGTH: 0.133340
NUM ELEMENTS: 5
IN NODE: 57
OUT NODE: 58
IN AREA: 0.079063
OUT AREA: 0.103476
IN FLOW: 0.000000
MAT DATATABLE NAME: MAT1
LOSS TYPE: STENOSIS
BRANCH ANGLE: 0.000000
UPSTREAM SEGMENT: 56
BRANCH SEGMENT: 0
BOUNDARY CONDITIONS TYPE: NOBOUND
INLET DATA TABLE: NONE
--- 
SEGMENT N.: 58
NAME: branch0_seg58
ID: 58
LENGTH: 0.133340
NUM ELEMENTS: 5
IN NODE: 58
OUT NODE: 59
IN AREA: 0.103341
OUT AREA: 0.102139
IN FLOW: 0.000000
MAT DATATABLE NAME: MAT1
LOSS TYPE: STENOSIS
BRANCH ANGLE: 0.000000
UPSTREAM SEGMENT: 57
BRANCH SEGMENT: 0
BOUNDARY CONDITIONS TYPE: NOBOUND
INLET DATA TABLE: NONE
--- 
SEGMENT N.: 59
NAME: branch0_seg59
ID: 59
LENGTH: 0.133340
NUM ELEMENTS: 5
IN NODE: 59
OUT NODE: 60
IN AREA: 0.102124
OUT AREA: 0.100763
IN FLOW: 0.000000
MAT DATATABLE NAME: MAT1
LOSS TYPE: STENOSIS
BRANCH ANGLE: 0.000000
UPSTREAM SEGMENT: 58
BRANCH SEGMENT: 0
BOUNDARY CONDITIONS TYPE: NOBOUND
INLET DATA TABLE: NONE
--- 
SEGMENT N.: 60
NAME: branch0_seg60
ID: 60
LENGTH: 0.133340
NUM ELEMENTS: 5
IN NODE: 60
OUT NODE: 61
IN AREA: 0.100737
OUT AREA: 0.099525
IN FLOW: 0.000000
MAT DATATABLE NAME: MAT1
LOSS TYPE: STENOSIS
BRANCH ANGLE: 0.000000
UPSTREAM SEGMENT: 59
BRANCH SEGMENT: 0
BOUNDARY CONDITIONS TYPE: NOBOUND
INLET DATA TABLE: NONE
--- 
SEGMENT N.: 61
NAME: branch0_seg61
ID: 61
LENGTH: 0.133340
NUM ELEMENTS: 5
IN NODE: 61
OUT NODE: 62
IN AREA: 0.099506
OUT AREA: 0.098233
IN FLOW: 0.000000
MAT DATATABLE NAME: MAT1
LOSS TYPE: STENOSIS
BRANCH ANGLE: 0.000000
UPSTREAM SEGMENT: 60
BRANCH SEGMENT: 0
BOUNDARY CONDITIONS TYPE: NOBOUND
INLET DATA TABLE: NONE
--- 
SEGMENT N.: 62
NAME: branch0_seg62
ID: 62
LENGTH: 0.133340
NUM ELEMENTS: 5
IN NODE: 62
OUT NODE: 63
IN AREA: 0.098200
OUT AREA: 0.096815
IN FLOW: 0.000000
MAT DATATABLE NAME: MAT1
LOSS TYPE: STENOSIS
BRANCH ANGLE: 0.000000
UPSTREAM SEGMENT: 61
BRANCH SEGMENT: 0
BOUNDARY CONDITIONS TYPE: NOBOUND
INLET DATA TABLE: NONE
--- 
SEGMENT N.: 63
NAME: branch0_seg63
ID: 63
LENGTH: 0.133340
NUM ELEMENTS: 5
IN NODE: 63
OUT NODE: 64
IN AREA: 0.096788
OUT AREA: 0.095564
IN FLOW: 0.000000
MAT DATATABLE NAME: MAT1
LOSS TYPE: STENOSIS
BRANCH ANGLE: 0.000000
UPSTREAM SEGMENT: 62
BRANCH SEGMENT: 0
BOUNDARY CONDITIONS TYPE: NOBOUND
INLET DATA TABLE: NONE
--- 
SEGMENT N.: 64
NAME: branch0_seg64
ID: 64
LENGTH: 0.133340
NUM ELEMENTS: 5
IN NODE: 64
OUT NODE: 65
IN AREA: 0.095539
OUT AREA: 0.096493
IN FLOW: 0.000000
MAT DATATABLE NAME: MAT1
LOSS TYPE: STENOSIS
BRANCH ANGLE: 0.000000
UPSTREAM SEGMENT: 63
BRANCH SEGMENT: 0
BOUNDARY CONDITIONS TYPE: NOBOUND
INLET DATA TABLE: NONE
--- 
SEGMENT N.: 65
NAME: branch0_seg65
ID: 65
LENGTH: 0.133340
NUM ELEMENTS: 5
IN NODE: 65
OUT NODE: 66
IN AREA: 0.094430
OUT AREA: 0.030323
IN FLOW: 0.000000
MAT DATATABLE NAME: MAT1
LOSS TYPE: STENOSIS
BRANCH ANGLE: 0.000000
UPSTREAM SEGMENT: 64
BRANCH SEGMENT: 0
BOUNDARY CONDITIONS TYPE: NOBOUND
INLET DATA TABLE: NONE
--- 
SEGMENT N.: 66
NAME: branch0_seg66
ID: 66
LENGTH: 0.133340
NUM ELEMENTS: 5
IN NODE: 66
OUT NODE: 67
IN AREA: 0.030316
OUT AREA: 0.030353
IN FLOW: 0.000000
MAT DATATABLE NAME: MAT1
LOSS TYPE: STENOSIS
BRANCH ANGLE: 0.000000
UPSTREAM SEGMENT: 65
BRANCH SEGMENT: 0
BOUNDARY CONDITIONS TYPE: NOBOUND
INLET DATA TABLE: NONE
--- 
SEGMENT N.: 67
NAME: branch0_seg67
ID: 67
LENGTH: 0.133340
NUM ELEMENTS: 5
IN NODE: 67
OUT NODE: 68
IN AREA: 0.030339
OUT AREA: 0.030293
IN FLOW: 0.000000
MAT DATATABLE NAME: MAT1
LOSS TYPE: STENOSIS
BRANCH ANGLE: 0.000000
UPSTREAM SEGMENT: 66
BRANCH SEGMENT: 0
BOUNDARY CONDITIONS TYPE: NOBOUND
INLET DATA TABLE: NONE
--- 
SEGMENT N.: 68
NAME: branch0_seg68
ID: 68
LENGTH: 0.133340
NUM ELEMENTS: 5
IN NODE: 68
OUT NODE: 69
IN AREA: 0.030307
OUT AREA: 0.030310
IN FLOW: 0.000000
MAT DATATABLE NAME: MAT1
LOSS TYPE: STENOSIS
BRANCH ANGLE: 0.000000
UPSTREAM SEGMENT: 67
BRANCH SEGMENT: 0
BOUNDARY CONDITIONS TYPE: NOBOUND
INLET DATA TABLE: NONE
--- 
SEGMENT N.: 69
NAME: branch0_seg69
ID: 69
LENGTH: 0.133340
NUM ELEMENTS: 5
IN NODE: 69
OUT NODE: 70
IN AREA: 0.030306
OUT AREA: 0.030266
IN FLOW: 0.000000
MAT DATATABLE NAME: MAT1
LOSS TYPE: STENOSIS
BRANCH ANGLE: 0.000000
UPSTREAM SEGMENT: 68
BRANCH SEGMENT: 0
BOUNDARY CONDITIONS TYPE: NOBOUND
INLET DATA TABLE: NONE
--- 
SEGMENT N.: 70
NAME: branch0_seg70
ID: 70
LENGTH: 0.133340
NUM ELEMENTS: 5
IN NODE: 70
OUT NODE: 71
IN AREA: 0.030261
OUT AREA: 0.030284
IN FLOW: 0.000000
MAT DATATABLE NAME: MAT1
LOSS TYPE: STENOSIS
BRANCH ANGLE: 0.000000
UPSTREAM SEGMENT: 69
BRANCH SEGMENT: 0
BOUNDARY CONDITIONS TYPE: NOBOUND
INLET DATA TABLE: NONE
--- 
SEGMENT N.: 71
NAME: branch0_seg71
ID: 71
LENGTH: 0.133340
NUM ELEMENTS: 5
IN NODE: 71
OUT NODE: 72
IN AREA: 0.030290
OUT AREA: 0.030317
IN FLOW: 0.000000
MAT DATATABLE NAME: MAT1
LOSS TYPE: STENOSIS
BRANCH ANGLE: 0.000000
UPSTREAM SEGMENT: 70
BRANCH SEGMENT: 0
BOUNDARY CONDITIONS TYPE: NOBOUND
INLET DATA TABLE: NONE
--- 
SEGMENT N.: 72
NAME: branch0_seg72
ID: 72
LENGTH: 0.133340
NUM ELEMENTS: 5
IN NODE: 72
OUT NODE: 73
IN AREA: 0.030316
OUT AREA: 0.030263
IN FLOW: 0.000000
MAT DATATABLE NAME: MAT1
LOSS TYPE: STENOSIS
BRANCH ANGLE: 0.000000
UPSTREAM SEGMENT: 71
BRANCH SEGMENT: 0
BOUNDARY CONDITIONS TYPE: NOBOUND
INLET DATA TABLE: NONE
--- 
SEGMENT N.: 73
NAME: branch0_seg73
ID: 73
LENGTH: 0.133340
NUM ELEMENTS: 5
IN NODE: 73
OUT NODE: 74
IN AREA: 0.030277
OUT AREA: 0.030341
IN FLOW: 0.000000
MAT DATATABLE NAME: MAT1
LOSS TYPE: STENOSIS
BRANCH ANGLE: 0.000000
UPSTREAM SEGMENT: 72
BRANCH SEGMENT: 0
BOUNDARY CONDITIONS TYPE: NOBOUND
INLET DATA TABLE: NONE
--- 
SEGMENT N.: 74
NAME: branch0_seg74
ID: 74
LENGTH: 0.133340
NUM ELEMENTS: 5
IN NODE: 74
OUT NODE: 75
IN AREA: 0.030315
OUT AREA: 0.030266
IN FLOW: 0.000000
MAT DATATABLE NAME: MAT1
LOSS TYPE: STENOSIS
BRANCH ANGLE: 0.000000
UPSTREAM SEGMENT: 73
BRANCH SEGMENT: 0
BOUNDARY CONDITIONS TYPE: NOBOUND
INLET DATA TABLE: NONE
--- 
SEGMENT N.: 75
NAME: branch0_seg75
ID: 75
LENGTH: 0.133340
NUM ELEMENTS: 5
IN NODE: 75
OUT NODE: 76
IN AREA: 0.030266
OUT AREA: 0.030336
IN FLOW: 0.000000
MAT DATATABLE NAME: MAT1
LOSS TYPE: STENOSIS
BRANCH ANGLE: 0.000000
UPSTREAM SEGMENT: 74
BRANCH SEGMENT: 0
BOUNDARY CONDITIONS TYPE: NOBOUND
INLET DATA TABLE: NONE
--- 
SEGMENT N.: 76
NAME: branch0_seg76
ID: 76
LENGTH: 0.133340
NUM ELEMENTS: 5
IN NODE: 76
OUT NODE: 77
IN AREA: 0.030360
OUT AREA: 0.030285
IN FLOW: 0.000000
MAT DATATABLE NAME: MAT1
LOSS TYPE: STENOSIS
BRANCH ANGLE: 0.000000
UPSTREAM SEGMENT: 75
BRANCH SEGMENT: 0
BOUNDARY CONDITIONS TYPE: NOBOUND
INLET DATA TABLE: NONE
--- 
SEGMENT N.: 77
NAME: branch0_seg77
ID: 77
LENGTH: 0.133340
NUM ELEMENTS: 5
IN NODE: 77
OUT NODE: 78
IN AREA: 0.030290
OUT AREA: 0.030333
IN FLOW: 0.000000
MAT DATATABLE NAME: MAT1
LOSS TYPE: STENOSIS
BRANCH ANGLE: 0.000000
UPSTREAM SEGMENT: 76
BRANCH SEGMENT: 0
BOUNDARY CONDITIONS TYPE: NOBOUND
INLET DATA TABLE: NONE
--- 
SEGMENT N.: 78
NAME: branch0_seg78
ID: 78
LENGTH: 0.133340
NUM ELEMENTS: 5
IN NODE: 78
OUT NODE: 79
IN AREA: 0.030319
OUT AREA: 0.030338
IN FLOW: 0.000000
MAT DATATABLE NAME: MAT1
LOSS TYPE: STENOSIS
BRANCH ANGLE: 0.000000
UPSTREAM SEGMENT: 77
BRANCH SEGMENT: 0
BOUNDARY CONDITIONS TYPE: NOBOUND
INLET DATA TABLE: NONE
--- 
SEGMENT N.: 79
NAME: branch0_seg79
ID: 79
LENGTH: 0.133340
NUM ELEMENTS: 5
IN NODE: 79
OUT NODE: 80
IN AREA: 0.030349
OUT AREA: 0.030163
IN FLOW: 0.000000
MAT DATATABLE NAME: MAT1
LOSS TYPE: STENOSIS
BRANCH ANGLE: 0.000000
UPSTREAM SEGMENT: 78
BRANCH SEGMENT: 0
BOUNDARY CONDITIONS TYPE: NOBOUND
INLET DATA TABLE: NONE
--- 
SEGMENT N.: 80
NAME: branch0_seg80
ID: 80
LENGTH: 0.133340
NUM ELEMENTS: 5
IN NODE: 80
OUT NODE: 81
IN AREA: 0.030169
OUT AREA: 0.030360
IN FLOW: 0.000000
MAT DATATABLE NAME: MAT1
LOSS TYPE: STENOSIS
BRANCH ANGLE: 0.000000
UPSTREAM SEGMENT: 79
BRANCH SEGMENT: 0
BOUNDARY CONDITIONS TYPE: NOBOUND
INLET DATA TABLE: NONE
--- 
SEGMENT N.: 81
NAME: branch0_seg81
ID: 81
LENGTH: 0.133340
NUM ELEMENTS: 5
IN NODE: 81
OUT NODE: 82
IN AREA: 0.030383
OUT AREA: 0.030302
IN FLOW: 0.000000
MAT DATATABLE NAME: MAT1
LOSS TYPE: STENOSIS
BRANCH ANGLE: 0.000000
UPSTREAM SEGMENT: 80
BRANCH SEGMENT: 0
BOUNDARY CONDITIONS TYPE: NOBOUND
INLET DATA TABLE: NONE
--- 
SEGMENT N.: 82
NAME: branch0_seg82
ID: 82
LENGTH: 0.133340
NUM ELEMENTS: 5
IN NODE: 82
OUT NODE: 83
IN AREA: 0.030296
OUT AREA: 0.030343
IN FLOW: 0.000000
MAT DATATABLE NAME: MAT1
LOSS TYPE: STENOSIS
BRANCH ANGLE: 0.000000
UPSTREAM SEGMENT: 81
BRANCH SEGMENT: 0
BOUNDARY CONDITIONS TYPE: NOBOUND
INLET DATA TABLE: NONE
--- 
SEGMENT N.: 83
NAME: branch0_seg83
ID: 83
LENGTH: 0.133340
NUM ELEMENTS: 5
IN NODE: 83
OUT NODE: 84
IN AREA: 0.030331
OUT AREA: 0.030351
IN FLOW: 0.000000
MAT DATATABLE NAME: MAT1
LOSS TYPE: STENOSIS
BRANCH ANGLE: 0.000000
UPSTREAM SEGMENT: 82
BRANCH SEGMENT: 0
BOUNDARY CONDITIONS TYPE: NOBOUND
INLET DATA TABLE: NONE
--- 
SEGMENT N.: 84
NAME: branch0_seg84
ID: 84
LENGTH: 0.133340
NUM ELEMENTS: 5
IN NODE: 84
OUT NODE: 85
IN AREA: 0.030357
OUT AREA: 0.030284
IN FLOW: 0.000000
MAT DATATABLE NAME: MAT1
LOSS TYPE: STENOSIS
BRANCH ANGLE: 0.000000
UPSTREAM SEGMENT: 83
BRANCH SEGMENT: 0
BOUNDARY CONDITIONS TYPE: NOBOUND
INLET DATA TABLE: NONE
--- 
SEGMENT N.: 85
NAME: branch0_seg85
ID: 85
LENGTH: 0.133340
NUM ELEMENTS: 5
IN NODE: 85
OUT NODE: 86
IN AREA: 0.030286
OUT AREA: 0.030357
IN FLOW: 0.000000
MAT DATATABLE NAME: MAT1
LOSS TYPE: STENOSIS
BRANCH ANGLE: 0.000000
UPSTREAM SEGMENT: 84
BRANCH SEGMENT: 0
BOUNDARY CONDITIONS TYPE: NOBOUND
INLET DATA TABLE: NONE
--- 
SEGMENT N.: 86
NAME: branch0_seg86
ID: 86
LENGTH: 0.133340
NUM ELEMENTS: 5
IN NODE: 86
OUT NODE: 87
IN AREA: 0.030345
OUT AREA: 0.030213
IN FLOW: 0.000000
MAT DATATABLE NAME: MAT1
LOSS TYPE: STENOSIS
BRANCH ANGLE: 0.000000
UPSTREAM SEGMENT: 85
BRANCH SEGMENT: 0
BOUNDARY CONDITIONS TYPE: NOBOUND
INLET DATA TABLE: NONE
--- 
SEGMENT N.: 87
NAME: branch0_seg87
ID: 87
LENGTH: 0.133340
NUM ELEMENTS: 5
IN NODE: 87
OUT NODE: 88
IN AREA: 0.030229
OUT AREA: 0.030315
IN FLOW: 0.000000
MAT DATATABLE NAME: MAT1
LOSS TYPE: STENOSIS
BRANCH ANGLE: 0.000000
UPSTREAM SEGMENT: 86
BRANCH SEGMENT: 0
BOUNDARY CONDITIONS TYPE: NOBOUND
INLET DATA TABLE: NONE
--- 
SEGMENT N.: 88
NAME: branch0_seg88
ID: 88
LENGTH: 0.133340
NUM ELEMENTS: 5
IN NODE: 88
OUT NODE: 89
IN AREA: 0.030322
OUT AREA: 0.030287
IN FLOW: 0.000000
MAT DATATABLE NAME: MAT1
LOSS TYPE: STENOSIS
BRANCH ANGLE: 0.000000
UPSTREAM SEGMENT: 87
BRANCH SEGMENT: 0
BOUNDARY CONDITIONS TYPE: NOBOUND
INLET DATA TABLE: NONE
--- 
SEGMENT N.: 89
NAME: branch0_seg89
ID: 89
LENGTH: 0.133340
NUM ELEMENTS: 5
IN NODE: 89
OUT NODE: 90
IN AREA: 0.030262
OUT AREA: 0.030258
IN FLOW: 0.000000
MAT DATATABLE NAME: MAT1
LOSS TYPE: STENOSIS
BRANCH ANGLE: 0.000000
UPSTREAM SEGMENT: 88
BRANCH SEGMENT: 0
BOUNDARY CONDITIONS TYPE: NOBOUND
INLET DATA TABLE: NONE
--- 
SEGMENT N.: 90
NAME: branch0_seg90
ID: 90
LENGTH: 0.133340
NUM ELEMENTS: 5
IN NODE: 90
OUT NODE: 91
IN AREA: 0.030261
OUT AREA: 0.030349
IN FLOW: 0.000000
MAT DATATABLE NAME: MAT1
LOSS TYPE: STENOSIS
BRANCH ANGLE: 0.000000
UPSTREAM SEGMENT: 89
BRANCH SEGMENT: 0
BOUNDARY CONDITIONS TYPE: NOBOUND
INLET DATA TABLE: NONE
--- 
SEGMENT N.: 91
NAME: branch0_seg91
ID: 91
LENGTH: 0.133340
NUM ELEMENTS: 5
IN NODE: 91
OUT NODE: 92
IN AREA: 0.030322
OUT AREA: 0.030301
IN FLOW: 0.000000
MAT DATATABLE NAME: MAT1
LOSS TYPE: STENOSIS
BRANCH ANGLE: 0.000000
UPSTREAM SEGMENT: 90
BRANCH SEGMENT: 0
BOUNDARY CONDITIONS TYPE: NOBOUND
INLET DATA TABLE: NONE
--- 
SEGMENT N.: 92
NAME: branch0_seg92
ID: 92
LENGTH: 0.133340
NUM ELEMENTS: 5
IN NODE: 92
OUT NODE: 93
IN AREA: 0.030299
OUT AREA: 0.030320
IN FLOW: 0.000000
MAT DATATABLE NAME: MAT1
LOSS TYPE: STENOSIS
BRANCH ANGLE: 0.000000
UPSTREAM SEGMENT: 91
BRANCH SEGMENT: 0
BOUNDARY CONDITIONS TYPE: NOBOUND
INLET DATA TABLE: NONE
--- 
SEGMENT N.: 93
NAME: branch0_seg93
ID: 93
LENGTH: 0.133340
NUM ELEMENTS: 5
IN NODE: 93
OUT NODE: 94
IN AREA: 0.030319
OUT AREA: 0.030319
IN FLOW: 0.000000
MAT DATATABLE NAME: MAT1
LOSS TYPE: STENOSIS
BRANCH ANGLE: 0.000000
UPSTREAM SEGMENT: 92
BRANCH SEGMENT: 0
BOUNDARY CONDITIONS TYPE: NOBOUND
INLET DATA TABLE: NONE
--- 
SEGMENT N.: 94
NAME: branch0_seg94
ID: 94
LENGTH: 0.133340
NUM ELEMENTS: 5
IN NODE: 94
OUT NODE: 95
IN AREA: 0.030339
OUT AREA: 0.030269
IN FLOW: 0.000000
MAT DATATABLE NAME: MAT1
LOSS TYPE: STENOSIS
BRANCH ANGLE: 0.000000
UPSTREAM SEGMENT: 93
BRANCH SEGMENT: 0
BOUNDARY CONDITIONS TYPE: NOBOUND
INLET DATA TABLE: NONE
--- 
SEGMENT N.: 95
NAME: branch0_seg95
ID: 95
LENGTH: 0.133340
NUM ELEMENTS: 5
IN NODE: 95
OUT NODE: 96
IN AREA: 0.030275
OUT AREA: 0.030363
IN FLOW: 0.000000
MAT DATATABLE NAME: MAT1
LOSS TYPE: STENOSIS
BRANCH ANGLE: 0.000000
UPSTREAM SEGMENT: 94
BRANCH SEGMENT: 0
BOUNDARY CONDITIONS TYPE: NOBOUND
INLET DATA TABLE: NONE
--- 
SEGMENT N.: 96
NAME: branch0_seg96
ID: 96
LENGTH: 0.133340
NUM ELEMENTS: 5
IN NODE: 96
OUT NODE: 97
IN AREA: 0.030376
OUT AREA: 0.030273
IN FLOW: 0.000000
MAT DATATABLE NAME: MAT1
LOSS TYPE: STENOSIS
BRANCH ANGLE: 0.000000
UPSTREAM SEGMENT: 95
BRANCH SEGMENT: 0
BOUNDARY CONDITIONS TYPE: NOBOUND
INLET DATA TABLE: NONE
--- 
SEGMENT N.: 97
NAME: branch0_seg97
ID: 97
LENGTH: 0.133340
NUM ELEMENTS: 5
IN NODE: 97
OUT NODE: 98
IN AREA: 0.030272
OUT AREA: 0.030302
IN FLOW: 0.000000
MAT DATATABLE NAME: MAT1
LOSS TYPE: STENOSIS
BRANCH ANGLE: 0.000000
UPSTREAM SEGMENT: 96
BRANCH SEGMENT: 0
BOUNDARY CONDITIONS TYPE: NOBOUND
INLET DATA TABLE: NONE
--- 
SEGMENT N.: 98
NAME: branch0_seg98
ID: 98
LENGTH: 0.133340
NUM ELEMENTS: 5
IN NODE: 98
OUT NODE: 99
IN AREA: 0.030299
OUT AREA: 0.030342
IN FLOW: 0.000000
MAT DATATABLE NAME: MAT1
LOSS TYPE: STENOSIS
BRANCH ANGLE: 0.000000
UPSTREAM SEGMENT: 97
BRANCH SEGMENT: 0
BOUNDARY CONDITIONS TYPE: NOBOUND
INLET DATA TABLE: NONE
--- 
SEGMENT N.: 99
NAME: branch0_seg99
ID: 99
LENGTH: 0.133340
NUM ELEMENTS: 5
IN NODE: 99
OUT NODE: 100
IN AREA: 0.030339
OUT AREA: 0.030264
IN FLOW: 0.000000
MAT DATATABLE NAME: MAT1
LOSS TYPE: STENOSIS
BRANCH ANGLE: 0.000000
UPSTREAM SEGMENT: 98
BRANCH SEGMENT: 0
BOUNDARY CONDITIONS TYPE: RESISTANCE
INLET DATA TABLE: RESISTANCE_0
--- 
PRINT SOLVER OPTION DATA
TIME STEP: 0.010000
STEP SIZE: 1
MAX STEP: 167
QUADRATURE POINTS: 2
INLET DATA TABLE: INFLOW
BOUNDARY TYPE: FLOW
CONVERGENCE TOLERANCE: 0.000010
USE IV: 1
USE STABILIZATION: 1
--- 
--- 
MATERIAL NUM: 0
NAME: MAT1
TYPE: LINEAR
DENSITY: 1.000000
VISCOSITY: 0.007000
REF PRESSURE: 0.000000
EXPONENT: 1.000000
PARAM 1: 10000000.000000
PARAM 2: 0.000000
PARAM 3: 0.000000
--- 
JOINTINLET DATA
--- 
JOINTINLET NUM: 0
NAME: IN0
TOTAL : 1
LIST ITEMS
0 

--- 
JOINTINLET NUM: 1
NAME: IN1
TOTAL : 1
LIST ITEMS
1 

--- 
JOINTINLET NUM: 2
NAME: IN2
TOTAL : 1
LIST ITEMS
2 

--- 
JOINTINLET NUM: 3
NAME: IN3
TOTAL : 1
LIST ITEMS
3 

--- 
JOINTINLET NUM: 4
NAME: IN4
TOTAL : 1
LIST ITEMS
4 

--- 
JOINTINLET NUM: 5
NAME: IN5
TOTAL : 1
LIST ITEMS
5 

--- 
JOINTINLET NUM: 6
NAME: IN6
TOTAL : 1
LIST ITEMS
6 

--- 
JOINTINLET NUM: 7
NAME: IN7
TOTAL : 1
LIST ITEMS
7 

--- 
JOINTINLET NUM: 8
NAME: IN8
TOTAL : 1
LIST ITEMS
8 

--- 
JOINTINLET NUM: 9
NAME: IN9
TOTAL : 1
LIST ITEMS
9 

--- 
JOINTINLET NUM: 10
NAME: IN10
TOTAL : 1
LIST ITEMS
10 

--- 
JOINTINLET NUM: 11
NAME: IN11
TOTAL : 1
LIST ITEMS
11 

--- 
JOINTINLET NUM: 12
NAME: IN12
TOTAL : 1
LIST ITEMS
12 

--- 
JOINTINLET NUM: 13
NAME: IN13
TOTAL : 1
LIST ITEMS
13 

--- 
JOINTINLET NUM: 14
NAME: IN14
TOTAL : 1
LIST ITEMS
14 

--- 
JOINTINLET NUM: 15
NAME: IN15
TOTAL : 1
LIST ITEMS
15 

--- 
JOINTINLET NUM: 16
NAME: IN16
TOTAL : 1
LIST ITEMS
16 

--- 
JOINTINLET NUM: 17
NAME: IN17
TOTAL : 1
LIST ITEMS
17 

--- 
JOINTINLET NUM: 18
NAME: IN18
TOTAL : 1
LIST ITEMS
18 

--- 
JOINTINLET NUM: 19
NAME: IN19
TOTAL : 1
LIST ITEMS
19 

--- 
JOINTINLET NUM: 20
NAME: IN20
TOTAL : 1
LIST ITEMS
20 

--- 
JOINTINLET NUM: 21
NAME: IN21
TOTAL : 1
LIST ITEMS
21 

--- 
JOINTINLET NUM: 22
NAME: IN22
TOTAL : 1
LIST ITEMS
22 

--- 
JOINTINLET NUM: 23
NAME: IN23
TOTAL : 1
LIST ITEMS
23 

--- 
JOINTINLET NUM: 24
NAME: IN24
TOTAL : 1
LIST ITEMS
24 

--- 
JOINTINLET NUM: 25
NAME: IN25
TOTAL : 1
LIST ITEMS
25 

--- 
JOINTINLET NUM: 26
NAME: IN26
TOTAL : 1
LIST ITEMS
26 

--- 
JOINTINLET NUM: 27
NAME: IN27
TOTAL : 1
LIST ITEMS
27 

--- 
JOINTINLET NUM: 28
NAME: IN28
TOTAL : 1
LIST ITEMS
28 

--- 
JOINTINLET NUM: 29
NAME: IN29
TOTAL : 1
LIST ITEMS
29 

--- 
JOINTINLET NUM: 30
NAME: IN30
TOTAL : 1
LIST ITEMS
30 

--- 
JOINTINLET NUM: 31
NAME: IN31
TOTAL : 1
LIST ITEMS
31 

--- 
JOINTINLET NUM: 32
NAME: IN32
TOTAL : 1
LIST ITEMS
32 

--- 
JOINTINLET NUM: 33
NAME: IN33
TOTAL : 1
LIST ITEMS
33 

--- 
JOINTINLET NUM: 34
NAME: IN34
TOTAL : 1
LIST ITEMS
34 

--- 
JOINTINLET NUM: 35
NAME: IN35
TOTAL : 1
LIST ITEMS
35 

--- 
JOINTINLET NUM: 36
NAME: IN36
TOTAL : 1
LIST ITEMS
36 

--- 
JOINTINLET NUM: 37
NAME: IN37
TOTAL : 1
LIST ITEMS
37 

--- 
JOINTINLET NUM: 38
NAME: IN38
TOTAL : 1
LIST ITEMS
38 

--- 
JOINTINLET NUM: 39
NAME: IN39
TOTAL : 1
LIST ITEMS
39 

--- 
JOINTINLET NUM: 40
NAME: IN40
TOTAL : 1
LIST ITEMS
40 

--- 
JOINTINLET NUM: 41
NAME: IN41
TOTAL : 1
LIST ITEMS
41 

--- 
JOINTINLET NUM: 42
NAME: IN42
TOTAL : 1
LIST ITEMS
42 

--- 
JOINTINLET NUM: 43
NAME: IN43
TOTAL : 1
LIST ITEMS
43 

--- 
JOINTINLET NUM: 44
NAME: IN44
TOTAL : 1
LIST ITEMS
44 

--- 
JOINTINLET NUM: 45
NAME: IN45
TOTAL : 1
LIST ITEMS
45 

--- 
JOINTINLET NUM: 46
NAME: IN46
TOTAL : 1
LIST ITEMS
46 

--- 
JOINTINLET NUM: 47
NAME: IN47
TOTAL : 1
LIST ITEMS
47 

--- 
JOINTINLET NUM: 48
NAME: IN48
TOTAL : 1
LIST ITEMS
48 

--- 
JOINTINLET NUM: 49
NAME: IN49
TOTAL : 1
LIST ITEMS
49 

--- 
JOINTINLET NUM: 50
NAME: IN50
TOTAL : 1
LIST ITEMS
50 

--- 
JOINTINLET NUM: 51
NAME: IN51
TOTAL : 1
LIST ITEMS
51 

--- 
JOINTINLET NUM: 52
NAME: IN52
TOTAL : 1
LIST ITEMS
52 

--- 
JOINTINLET NUM: 53
NAME: IN53
TOTAL : 1
LIST ITEMS
53 

--- 
JOINTINLET NUM: 54
NAME: IN54
TOTAL : 1
LIST ITEMS
54 

--- 
JOINTINLET NUM: 55
NAME: IN55
TOTAL : 1
LIST ITEMS
55 

--- 
JOINTINLET NUM: 56
NAME: IN56
TOTAL : 1
LIST ITEMS
56 

--- 
JOINTINLET NUM: 57
NAME: IN57
TOTAL : 1
LIST ITEMS
57 

--- 
JOINTINLET NUM: 58
NAME: IN58
TOTAL : 1
LIST ITEMS
58 

--- 
JOINTINLET NUM: 59
NAME: IN59
TOTAL : 1
LIST ITEMS
59 

--- 
JOINTINLET NUM: 60
NAME: IN60
TOTAL : 1
LIST ITEMS
60 

--- 
JOINTINLET NUM: 61
NAME: IN61
TOTAL : 1
LIST ITEMS
61 

--- 
JOINTINLET NUM: 62
NAME: IN62
TOTAL : 1
LIST ITEMS
62 

--- 
JOINTINLET NUM: 63
NAME: IN63
TOTAL : 1
LIST ITEMS
63 

--- 
JOINTINLET NUM: 64
NAME: IN64
TOTAL : 1
LIST ITEMS
64 

--- 
JOINTINLET NUM: 65
NAME: IN65
TOTAL : 1
LIST ITEMS
65 

--- 
JOINTINLET NUM: 66
NAME: IN66
TOTAL : 1
LIST ITEMS
66 

--- 
JOINTINLET NUM: 67
NAME: IN67
TOTAL : 1
LIST ITEMS
67 

--- 
JOINTINLET NUM: 68
NAME: IN68
TOTAL : 1
LIST ITEMS
68 

--- 
JOINTINLET NUM: 69
NAME: IN69
TOTAL : 1
LIST ITEMS
69 

--- 
JOINTINLET NUM: 70
NAME: IN70
TOTAL : 1
LIST ITEMS
70 

--- 
JOINTINLET NUM: 71
NAME: IN71
TOTAL : 1
LIST ITEMS
71 

--- 
JOINTINLET NUM: 72
NAME: IN72
TOTAL : 1
LIST ITEMS
72 

--- 
JOINTINLET NUM: 73
NAME: IN73
TOTAL : 1
LIST ITEMS
73 

--- 
JOINTINLET NUM: 74
NAME: IN74
TOTAL : 1
LIST ITEMS
74 

--- 
JOINTINLET NUM: 75
NAME: IN75
TOTAL : 1
LIST ITEMS
75 

--- 
JOINTINLET NUM: 76
NAME: IN76
TOTAL : 1
LIST ITEMS
76 

--- 
JOINTINLET NUM: 77
NAME: IN77
TOTAL : 1
LIST ITEMS
77 

--- 
JOINTINLET NUM: 78
NAME: IN78
TOTAL : 1
LIST ITEMS
78 

--- 
JOINTINLET NUM: 79
NAME: IN79
TOTAL : 1
LIST ITEMS
79 

--- 
JOINTINLET NUM: 80
NAME: IN80
TOTAL : 1
LIST ITEMS
80 

--- 
JOINTINLET NUM: 81
NAME: IN81
TOTAL : 1
LIST ITEMS
81 

--- 
JOINTINLET NUM: 82
NAME: IN82
TOTAL : 1
LIST ITEMS
82 

--- 
JOINTINLET NUM: 83
NAME: IN83
TOTAL : 1
LIST ITEMS
83 

--- 
JOINTINLET NUM: 84
NAME: IN84
TOTAL : 1
LIST ITEMS
84 

--- 
JOINTINLET NUM: 85
NAME: IN85
TOTAL : 1
LIST ITEMS
85 

--- 
JOINTINLET NUM: 86
NAME: IN86
TOTAL : 1
LIST ITEMS
86 

--- 
JOINTINLET NUM: 87
NAME: IN87
TOTAL : 1
LIST ITEMS
87 

--- 
JOINTINLET NUM: 88
NAME: IN88
TOTAL : 1
LIST ITEMS
88 

--- 
JOINTINLET NUM: 89
NAME: IN89
TOTAL : 1
LIST ITEMS
89 

--- 
JOINTINLET NUM: 90
NAME: IN90
TOTAL : 1
LIST ITEMS
90 

--- 
JOINTINLET NUM: 91
NAME: IN91
TOTAL : 1
LIST ITEMS
91 

--- 
JOINTINLET NUM: 92
NAME: IN92
TOTAL : 1
LIST ITEMS
92 

--- 
JOINTINLET NUM: 93
NAME: IN93
TOTAL : 1
LIST ITEMS
93 

--- 
JOINTINLET NUM: 94
NAME: IN94
TOTAL : 1
LIST ITEMS
94 

--- 
JOINTINLET NUM: 95
NAME: IN95
TOTAL : 1
LIST ITEMS
95 

--- 
JOINTINLET NUM: 96
NAME: IN96
TOTAL : 1
LIST ITEMS
96 

--- 
JOINTINLET NUM: 97
NAME: IN97
TOTAL : 1
LIST ITEMS
97 

--- 
JOINTINLET NUM: 98
NAME: IN98
TOTAL : 1
LIST ITEMS
98 

--- 
JOINTOUTLET DATA
--- 
JOINTOUTLET NUM: 0
NAME: OUT0
TOTAL : 1
LIST ITEMS
1 

--- 
JOINTOUTLET NUM: 1
NAME: OUT1
TOTAL : 1
LIST ITEMS
2 

--- 
JOINTOUTLET NUM: 2
NAME: OUT2
TOTAL : 1
LIST ITEMS
3 

--- 
JOINTOUTLET NUM: 3
NAME: OUT3
TOTAL : 1
LIST ITEMS
4 

--- 
JOINTOUTLET NUM: 4
NAME: OUT4
TOTAL : 1
LIST ITEMS
5 

--- 
JOINTOUTLET NUM: 5
NAME: OUT5
TOTAL : 1
LIST ITEMS
6 

--- 
JOINTOUTLET NUM: 6
NAME: OUT6
TOTAL : 1
LIST ITEMS
7 

--- 
JOINTOUTLET NUM: 7
NAME: OUT7
TOTAL : 1
LIST ITEMS
8 

--- 
JOINTOUTLET NUM: 8
NAME: OUT8
TOTAL : 1
LIST ITEMS
9 

--- 
JOINTOUTLET NUM: 9
NAME: OUT9
TOTAL : 1
LIST ITEMS
10 

--- 
JOINTOUTLET NUM: 10
NAME: OUT10
TOTAL : 1
LIST ITEMS
11 

--- 
JOINTOUTLET NUM: 11
NAME: OUT11
TOTAL : 1
LIST ITEMS
12 

--- 
JOINTOUTLET NUM: 12
NAME: OUT12
TOTAL : 1
LIST ITEMS
13 

--- 
JOINTOUTLET NUM: 13
NAME: OUT13
TOTAL : 1
LIST ITEMS
14 

--- 
JOINTOUTLET NUM: 14
NAME: OUT14
TOTAL : 1
LIST ITEMS
15 

--- 
JOINTOUTLET NUM: 15
NAME: OUT15
TOTAL : 1
LIST ITEMS
16 

--- 
JOINTOUTLET NUM: 16
NAME: OUT16
TOTAL : 1
LIST ITEMS
17 

--- 
JOINTOUTLET NUM: 17
NAME: OUT17
TOTAL : 1
LIST ITEMS
18 

--- 
JOINTOUTLET NUM: 18
NAME: OUT18
TOTAL : 1
LIST ITEMS
19 

--- 
JOINTOUTLET NUM: 19
NAME: OUT19
TOTAL : 1
LIST ITEMS
20 

--- 
JOINTOUTLET NUM: 20
NAME: OUT20
TOTAL : 1
LIST ITEMS
21 

--- 
JOINTOUTLET NUM: 21
NAME: OUT21
TOTAL : 1
LIST ITEMS
22 

--- 
JOINTOUTLET NUM: 22
NAME: OUT22
TOTAL : 1
LIST ITEMS
23 

--- 
JOINTOUTLET NUM: 23
NAME: OUT23
TOTAL : 1
LIST ITEMS
24 

--- 
JOINTOUTLET NUM: 24
NAME: OUT24
TOTAL : 1
LIST ITEMS
25 

--- 
JOINTOUTLET NUM: 25
NAME: OUT25
TOTAL : 1
LIST ITEMS
26 

--- 
JOINTOUTLET NUM: 26
NAME: OUT26
TOTAL : 1
LIST ITEMS
27 

--- 
JOINTOUTLET NUM: 27
NAME: OUT27
TOTAL : 1
LIST ITEMS
28 

--- 
JOINTOUTLET NUM: 28
NAME: OUT28
TOTAL : 1
LIST ITEMS
29 

--- 
JOINTOUTLET NUM: 29
NAME: OUT29
TOTAL : 1
LIST ITEMS
30 

--- 
JOINTOUTLET NUM: 30
NAME: OUT30
TOTAL : 1
LIST ITEMS
31 

--- 
JOINTOUTLET NUM: 31
NAME: OUT31
TOTAL : 1
LIST ITEMS
32 

--- 
JOINTOUTLET NUM: 32
NAME: OUT32
TOTAL : 1
LIST ITEMS
33 

--- 
JOINTOUTLET NUM: 33
NAME: OUT33
TOTAL : 1
LIST ITEMS
34 

--- 
JOINTOUTLET NUM: 34
NAME: OUT34
TOTAL : 1
LIST ITEMS
35 

--- 
JOINTOUTLET NUM: 35
NAME: OUT35
TOTAL : 1
LIST ITEMS
36 

--- 
JOINTOUTLET NUM: 36
NAME: OUT36
TOTAL : 1
LIST ITEMS
37 

--- 
JOINTOUTLET NUM: 37
NAME: OUT37
TOTAL : 1
LIST ITEMS
38 

--- 
JOINTOUTLET NUM: 38
NAME: OUT38
TOTAL : 1
LIST ITEMS
39 

--- 
JOINTOUTLET NUM: 39
NAME: OUT39
TOTAL : 1
LIST ITEMS
40 

--- 
JOINTOUTLET NUM: 40
NAME: OUT40
TOTAL : 1
LIST ITEMS
41 

--- 
JOINTOUTLET NUM: 41
NAME: OUT41
TOTAL : 1
LIST ITEMS
42 

--- 
JOINTOUTLET NUM: 42
NAME: OUT42
TOTAL : 1
LIST ITEMS
43 

--- 
JOINTOUTLET NUM: 43
NAME: OUT43
TOTAL : 1
LIST ITEMS
44 

--- 
JOINTOUTLET NUM: 44
NAME: OUT44
TOTAL : 1
LIST ITEMS
45 

--- 
JOINTOUTLET NUM: 45
NAME: OUT45
TOTAL : 1
LIST ITEMS
46 

--- 
JOINTOUTLET NUM: 46
NAME: OUT46
TOTAL : 1
LIST ITEMS
47 

--- 
JOINTOUTLET NUM: 47
NAME: OUT47
TOTAL : 1
LIST ITEMS
48 

--- 
JOINTOUTLET NUM: 48
NAME: OUT48
TOTAL : 1
LIST ITEMS
49 

--- 
JOINTOUTLET NUM: 49
NAME: OUT49
TOTAL : 1
LIST ITEMS
50 

--- 
JOINTOUTLET NUM: 50
NAME: OUT50
TOTAL : 1
LIST ITEMS
51 

--- 
JOINTOUTLET NUM: 51
NAME: OUT51
TOTAL : 1
LIST ITEMS
52 

--- 
JOINTOUTLET NUM: 52
NAME: OUT52
TOTAL : 1
LIST ITEMS
53 

--- 
JOINTOUTLET NUM: 53
NAME: OUT53
TOTAL : 1
LIST ITEMS
54 

--- 
JOINTOUTLET NUM: 54
NAME: OUT54
TOTAL : 1
LIST ITEMS
55 

--- 
JOINTOUTLET NUM: 55
NAME: OUT55
TOTAL : 1
LIST ITEMS
56 

--- 
JOINTOUTLET NUM: 56
NAME: OUT56
TOTAL : 1
LIST ITEMS
57 

--- 
JOINTOUTLET NUM: 57
NAME: OUT57
TOTAL : 1
LIST ITEMS
58 

--- 
JOINTOUTLET NUM: 58
NAME: OUT58
TOTAL : 1
LIST ITEMS
59 

--- 
JOINTOUTLET NUM: 59
NAME: OUT59
TOTAL : 1
LIST ITEMS
60 

--- 
JOINTOUTLET NUM: 60
NAME: OUT60
TOTAL : 1
LIST ITEMS
61 

--- 
JOINTOUTLET NUM: 61
NAME: OUT61
TOTAL : 1
LIST ITEMS
62 

--- 
JOINTOUTLET NUM: 62
NAME: OUT62
TOTAL : 1
LIST ITEMS
63 

--- 
JOINTOUTLET NUM: 63
NAME: OUT63
TOTAL : 1
LIST ITEMS
64 

--- 
JOINTOUTLET NUM: 64
NAME: OUT64
TOTAL : 1
LIST ITEMS
65 

--- 
JOINTOUTLET NUM: 65
NAME: OUT65
TOTAL : 1
LIST ITEMS
66 

--- 
JOINTOUTLET NUM: 66
NAME: OUT66
TOTAL : 1
LIST ITEMS
67 

--- 
JOINTOUTLET NUM: 67
NAME: OUT67
TOTAL : 1
LIST ITEMS
68 

--- 
JOINTOUTLET NUM: 68
NAME: OUT68
TOTAL : 1
LIST ITEMS
69 

--- 
JOINTOUTLET NUM: 69
NAME: OUT69
TOTAL : 1
LIST ITEMS
70 

--- 
JOINTOUTLET NUM: 70
NAME: OUT70
TOTAL : 1
LIST ITEMS
71 

--- 
JOINTOUTLET NUM: 71
NAME: OUT71
TOTAL : 1
LIST ITEMS
72 

--- 
JOINTOUTLET NUM: 72
NAME: OUT72
TOTAL : 1
LIST ITEMS
73 

--- 
JOINTOUTLET NUM: 73
NAME: OUT73
TOTAL : 1
LIST ITEMS
74 

--- 
JOINTOUTLET NUM: 74
NAME: OUT74
TOTAL : 1
LIST ITEMS
75 

--- 
JOINTOUTLET NUM: 75
NAME: OUT75
TOTAL : 1
LIST ITEMS
76 

--- 
JOINTOUTLET NUM: 76
NAME: OUT76
TOTAL : 1
LIST ITEMS
77 

--- 
JOINTOUTLET NUM: 77
NAME: OUT77
TOTAL : 1
LIST ITEMS
78 

--- 
JOINTOUTLET NUM: 78
NAME: OUT78
TOTAL : 1
LIST ITEMS
79 

--- 
JOINTOUTLET NUM: 79
NAME: OUT79
TOTAL : 1
LIST ITEMS
80 

--- 
JOINTOUTLET NUM: 80
NAME: OUT80
TOTAL : 1
LIST ITEMS
81 

--- 
JOINTOUTLET NUM: 81
NAME: OUT81
TOTAL : 1
LIST ITEMS
82 

--- 
JOINTOUTLET NUM: 82
NAME: OUT82
TOTAL : 1
LIST ITEMS
83 

--- 
JOINTOUTLET NUM: 83
NAME: OUT83
TOTAL : 1
LIST ITEMS
84 

--- 
JOINTOUTLET NUM: 84
NAME: OUT84
TOTAL : 1
LIST ITEMS
85 

--- 
JOINTOUTLET NUM: 85
NAME: OUT85
TOTAL : 1
LIST ITEMS
86 

--- 
JOINTOUTLET NUM: 86
NAME: OUT86
TOTAL : 1
LIST ITEMS
87 

--- 
JOINTOUTLET NUM: 87
NAME: OUT87
TOTAL : 1
LIST ITEMS
88 

--- 
JOINTOUTLET NUM: 88
NAME: OUT88
TOTAL : 1
LIST ITEMS
89 

--- 
JOINTOUTLET NUM: 89
NAME: OUT89
TOTAL : 1
LIST ITEMS
90 

--- 
JOINTOUTLET NUM: 90
NAME: OUT90
TOTAL : 1
LIST ITEMS
91 

--- 
JOINTOUTLET NUM: 91
NAME: OUT91
TOTAL : 1
LIST ITEMS
92 

--- 
JOINTOUTLET NUM: 92
NAME: OUT92
TOTAL : 1
LIST ITEMS
93 

--- 
JOINTOUTLET NUM: 93
NAME: OUT93
TOTAL : 1
LIST ITEMS
94 

--- 
JOINTOUTLET NUM: 94
NAME: OUT94
TOTAL : 1
LIST ITEMS
95 

--- 
JOINTOUTLET NUM: 95
NAME: OUT95
TOTAL : 1
LIST ITEMS
96 

--- 
JOINTOUTLET NUM: 96
NAME: OUT96
TOTAL : 1
LIST ITEMS
97 

--- 
JOINTOUTLET NUM: 97
NAME: OUT97
TOTAL : 1
LIST ITEMS
98 

--- 
JOINTOUTLET NUM: 98
NAME: OUT98
TOTAL : 1
LIST ITEMS
99 

--- 
DATA TABLES
--- 
DATA TABLE ID: 0
DATA TABLE NAME: RESISTANCE_0
DATA TABLE TYPE: LIST
VALUE n. 1: 0.000000
VALUE n. 2: 1.000000
VALUE n. 3: 0.000000
VALUE n. 4: 0.000000
--- 
DATA TABLE ID: 1
DATA TABLE NAME: INFLOW
DATA TABLE TYPE: LIST
VALUE n. 1: 0.000000
VALUE n. 2: 0.040468
VALUE n. 3: 0.010101
VALUE n. 4: 0.050100
VALUE n. 5: 0.020202
VALUE n. 6: 0.060625
VALUE n. 7: 0.030303
VALUE n. 8: 0.071847
VALUE n. 9: 0.040404
VALUE n. 10: 0.083522
VALUE n. 11: 0.050505
VALUE n. 12: 0.095371
VALUE n. 13: 0.060606
VALUE n. 14: 0.107089
VALUE n. 15: 0.070707
VALUE n. 16: 0.118353
VALUE n. 17: 0.080808
VALUE n. 18: 0.128840
VALUE n. 19: 0.090909
VALUE n. 20: 0.138238
VALUE n. 21: 0.101010
VALUE n. 22: 0.146259
VALUE n. 23: 0.111111
VALUE n. 24: 0.152651
VALUE n. 25: 0.121212
VALUE n. 26: 0.157212
VALUE n. 27: 0.131313
VALUE n. 28: 0.159795
VALUE n. 29: 0.141414
VALUE n. 30: 0.160316
VALUE n. 31: 0.151515
VALUE n. 32: 0.158758
VALUE n. 33: 0.161616
VALUE n. 34: 0.155171
VALUE n. 35: 0.171717
VALUE n. 36: 0.149673
VALUE n. 37: 0.181818
VALUE n. 38: 0.142437
VALUE n. 39: 0.191919
VALUE n. 40: 0.133694
VALUE n. 41: 0.202020
VALUE n. 42: 0.123714
VALUE n. 43: 0.212121
VALUE n. 44: 0.112798
VALUE n. 45: 0.222222
VALUE n. 46: 0.101266
VALUE n. 47: 0.232323
VALUE n. 48: 0.089443
VALUE n. 49: 0.242424
VALUE n. 50: 0.077644
VALUE n. 51: 0.252525
VALUE n. 52: 0.066163
VALUE n. 53: 0.262626
VALUE n. 54: 0.055262
VALUE n. 55: 0.272727
VALUE n. 56: 0.045162
VALUE n. 57: 0.282828
VALUE n. 58: 0.036035
VALUE n. 59: 0.292929
VALUE n. 60: 0.027999
VALUE n. 61: 0.303030
VALUE n. 62: 0.021119
VALUE n. 63: 0.313131
VALUE n. 64: 0.015406
VALUE n. 65: 0.323232
VALUE n. 66: 0.010823
VALUE n. 67: 0.333333
VALUE n. 68: 0.007289
VALUE n. 69: 0.343434
VALUE n. 70: 0.004689
VALUE n. 71: 0.353535
VALUE n. 72: 0.002882
VALUE n. 73: 0.363636
VALUE n. 74: 0.001715
VALUE n. 75: 0.373737
VALUE n. 76: 0.001031
VALUE n. 77: 0.383838
VALUE n. 78: 0.000683
VALUE n. 79: 0.393939
VALUE n. 80: 0.000541
VALUE n. 81: 0.404040
VALUE n. 82: 0.000502
VALUE n. 83: 0.414141
VALUE n. 84: 0.000497
VALUE n. 85: 0.424242
VALUE n. 86: 0.000498
VALUE n. 87: 0.434343
VALUE n. 88: 0.000513
VALUE n. 89: 0.444444
VALUE n. 90: 0.000593
VALUE n. 91: 0.454545
VALUE n. 92: 0.000824
VALUE n. 93: 0.464646
VALUE n. 94: 0.001322
VALUE n. 95: 0.474747
VALUE n. 96: 0.002228
VALUE n. 97: 0.484848
VALUE n. 98: 0.003696
VALUE n. 99: 0.494949
VALUE n. 100: 0.005881
VALUE n. 101: 0.505051
VALUE n. 102: 0.008932
VALUE n. 103: 0.515152
VALUE n. 104: 0.012978
VALUE n. 105: 0.525253
VALUE n. 106: 0.018118
VALUE n. 107: 0.535354
VALUE n. 108: 0.024412
VALUE n. 109: 0.545455
VALUE n. 110: 0.031875
VALUE n. 111: 0.555556
VALUE n. 112: 0.040468
VALUE n. 113: 0.565657
VALUE n. 114: 0.050100
VALUE n. 115: 0.575758
VALUE n. 116: 0.060625
VALUE n. 117: 0.585859
VALUE n. 118: 0.071847
VALUE n. 119: 0.595960
VALUE n. 120: 0.083522
VALUE n. 121: 0.606061
VALUE n. 122: 0.095371
VALUE n. 123: 0.616162
VALUE n. 124: 0.107089
VALUE n. 125: 0.626263
VALUE n. 126: 0.118353
VALUE n. 127: 0.636364
VALUE n. 128: 0.128840
VALUE n. 129: 0.646465
VALUE n. 130: 0.138238
VALUE n. 131: 0.656566
VALUE n. 132: 0.146259
VALUE n. 133: 0.666667
VALUE n. 134: 0.152651
VALUE n. 135: 0.676768
VALUE n. 136: 0.157212
VALUE n. 137: 0.686869
VALUE n. 138: 0.159795
VALUE n. 139: 0.696970
VALUE n. 140: 0.160316
VALUE n. 141: 0.707071
VALUE n. 142: 0.158758
VALUE n. 143: 0.717172
VALUE n. 144: 0.155171
VALUE n. 145: 0.727273
VALUE n. 146: 0.149673
VALUE n. 147: 0.737374
VALUE n. 148: 0.142437
VALUE n. 149: 0.747475
VALUE n. 150: 0.133694
VALUE n. 151: 0.757576
VALUE n. 152: 0.123714
VALUE n. 153: 0.767677
VALUE n. 154: 0.112798
VALUE n. 155: 0.777778
VALUE n. 156: 0.101266
VALUE n. 157: 0.787879
VALUE n. 158: 0.089443
VALUE n. 159: 0.797980
VALUE n. 160: 0.077644
VALUE n. 161: 0.808081
VALUE n. 162: 0.066163
VALUE n. 163: 0.818182
VALUE n. 164: 0.055262
VALUE n. 165: 0.828283
VALUE n. 166: 0.045162
VALUE n. 167: 0.838384
VALUE n. 168: 0.036035
VALUE n. 169: 0.848485
VALUE n. 170: 0.027999
VALUE n. 171: 0.858586
VALUE n. 172: 0.021119
VALUE n. 173: 0.868687
VALUE n. 174: 0.015406
VALUE n. 175: 0.878788
VALUE n. 176: 0.010823
VALUE n. 177: 0.888889
VALUE n. 178: 0.007289
VALUE n. 179: 0.898990
VALUE n. 180: 0.004689
VALUE n. 181: 0.909091
VALUE n. 182: 0.002882
VALUE n. 183: 0.919192
VALUE n. 184: 0.001715
VALUE n. 185: 0.929293
VALUE n. 186: 0.001031
VALUE n. 187: 0.939394
VALUE n. 188: 0.000683
VALUE n. 189: 0.949495
VALUE n. 190: 0.000541
VALUE n. 191: 0.959596
VALUE n. 192: 0.000502
VALUE n. 193: 0.969697
VALUE n. 194: 0.000497
VALUE n. 195: 0.979798
VALUE n. 196: 0.000498
VALUE n. 197: 0.989899
VALUE n. 198: 0.000513
VALUE n. 199: 1.000000
VALUE n. 200: 0.000593
VALUE n. 201: 1.010101
VALUE n. 202: 0.000824
VALUE n. 203: 1.020202
VALUE n. 204: 0.001322
VALUE n. 205: 1.030303
VALUE n. 206: 0.002228
VALUE n. 207: 1.040404
VALUE n. 208: 0.003696
VALUE n. 209: 1.050505
VALUE n. 210: 0.005881
VALUE n. 211: 1.060606
VALUE n. 212: 0.008932
VALUE n. 213: 1.070707
VALUE n. 214: 0.012978
VALUE n. 215: 1.080808
VALUE n. 216: 0.018118
VALUE n. 217: 1.090909
VALUE n. 218: 0.024412
VALUE n. 219: 1.101010
VALUE n. 220: 0.031875
VALUE n. 221: 1.111111
VALUE n. 222: 0.040468
VALUE n. 223: 1.121212
VALUE n. 224: 0.050100
VALUE n. 225: 1.131313
VALUE n. 226: 0.060625
VALUE n. 227: 1.141414
VALUE n. 228: 0.071847
VALUE n. 229: 1.151515
VALUE n. 230: 0.083522
VALUE n. 231: 1.161616
VALUE n. 232: 0.095371
VALUE n. 233: 1.171717
VALUE n. 234: 0.107089
VALUE n. 235: 1.181818
VALUE n. 236: 0.118353
VALUE n. 237: 1.191919
VALUE n. 238: 0.128840
VALUE n. 239: 1.202020
VALUE n. 240: 0.138238
VALUE n. 241: 1.212121
VALUE n. 242: 0.146259
VALUE n. 243: 1.222222
VALUE n. 244: 0.152651
VALUE n. 245: 1.232323
VALUE n. 246: 0.157212
VALUE n. 247: 1.242424
VALUE n. 248: 0.159795
VALUE n. 249: 1.252525
VALUE n. 250: 0.160316
VALUE n. 251: 1.262626
VALUE n. 252: 0.158758
VALUE n. 253: 1.272727
VALUE n. 254: 0.155171
VALUE n. 255: 1.282828
VALUE n. 256: 0.149673
VALUE n. 257: 1.292929
VALUE n. 258: 0.142437
VALUE n. 259: 1.303030
VALUE n. 260: 0.133694
VALUE n. 261: 1.313131
VALUE n. 262: 0.123714
VALUE n. 263: 1.323232
VALUE n. 264: 0.112798
VALUE n. 265: 1.333333
VALUE n. 266: 0.101266
VALUE n. 267: 1.343434
VALUE n. 268: 0.089443
VALUE n. 269: 1.353535
VALUE n. 270: 0.077644
VALUE n. 271: 1.363636
VALUE n. 272: 0.066163
VALUE n. 273: 1.373737
VALUE n. 274: 0.055262
VALUE n. 275: 1.383838
VALUE n. 276: 0.045162
VALUE n. 277: 1.393939
VALUE n. 278: 0.036035
VALUE n. 279: 1.404040
VALUE n. 280: 0.027999
VALUE n. 281: 1.414141
VALUE n. 282: 0.021119
VALUE n. 283: 1.424242
VALUE n. 284: 0.015406
VALUE n. 285: 1.434343
VALUE n. 286: 0.010823
VALUE n. 287: 1.444444
VALUE n. 288: 0.007289
VALUE n. 289: 1.454545
VALUE n. 290: 0.004689
VALUE n. 291: 1.464646
VALUE n. 292: 0.002882
VALUE n. 293: 1.474747
VALUE n. 294: 0.001715
VALUE n. 295: 1.484848
VALUE n. 296: 0.001031
VALUE n. 297: 1.494949
VALUE n. 298: 0.000683
VALUE n. 299: 1.505051
VALUE n. 300: 0.000541
VALUE n. 301: 1.515152
VALUE n. 302: 0.000502
VALUE n. 303: 1.525253
VALUE n. 304: 0.000497
VALUE n. 305: 1.535354
VALUE n. 306: 0.000498
VALUE n. 307: 1.545455
VALUE n. 308: 0.000513
VALUE n. 309: 1.555556
VALUE n. 310: 0.000593
VALUE n. 311: 1.565657
VALUE n. 312: 0.000824
VALUE n. 313: 1.575758
VALUE n. 314: 0.001322
VALUE n. 315: 1.585859
VALUE n. 316: 0.002228
VALUE n. 317: 1.595960
VALUE n. 318: 0.003696
VALUE n. 319: 1.606061
VALUE n. 320: 0.005881
VALUE n. 321: 1.616162
VALUE n. 322: 0.008932
VALUE n. 323: 1.626263
VALUE n. 324: 0.012978
VALUE n. 325: 1.636364
VALUE n. 326: 0.018118
VALUE n. 327: 1.646465
VALUE n. 328: 0.024412
VALUE n. 329: 1.656566
VALUE n. 330: 0.031875
VALUE n. 331: 1.666667
VALUE n. 332: 0.040468
